#0 Connected at 18.09.2026 19:11:01 from 127.0.0.1:3156 to TERMINAL 8/ TET9 L:47 (39)


 19.10.59     18 SEPTEMBER   1998
 SINTRAN III - VSX/500 L
--- SINTRAN L FOR ND100X ---

ENTER 
 19.11.00     18 SEPTEMBER   1998
 SINTRAN III - VSX/500 L
--- SINTRAN L FOR ND100X ---

ENTER DNF
PASSWORD: 
OK
@DELETE-FILE AMJ:BRF
@DELETE-FILE AMJ:LIST
@DELETE-FILE AMJ:PROG
@DELETE-FILE AMJF:BRF
@DELETE-FILE AMJF:LIST
@DELETE-FILE AMJS:BRF
@DELETE-FILE AMJS:LIST
@DELETE-FILE AMJS:PROG
@DELETE-FILE ADVENTURE-MJ:PROG
@PASCAL
PASCAL/ND-100      VERSION J 83-12-07
$COMPILE ADVENTURE-MJ:SYMB,"AMJ:LIST","AMJ:BRF"

 NO ERRORS
 LENGTH OF PROGRAM:    015521B WORDS
 LENGTH OF FIXED DATA: 051065B WORDS
    12 USES OF NON-STANDARD FEATURES
       8.52 SECONDS COMPILATION TIME
$EXIT

@PASCAL
PASCAL/ND-100      VERSION J 83-12-07
$COMPILE AMJF:SYMB,"AMJF:LIST","AMJF:BRF"

 NO ERRORS
 LENGTH OF PROGRAM:    015565B WORDS
 LENGTH OF FIXED DATA: 051065B WORDS
    12 USES OF NON-STANDARD FEATURES
       8.68 SECONDS COMPILATION TIME
$EXIT

@PASCAL
PASCAL/ND-100      VERSION J 83-12-07
$COMPILE AMJS:SYMB,"AMJS:LIST","AMJS:BRF"

 NO ERRORS
 LENGTH OF PROGRAM:    015540B WORDS
 LENGTH OF FIXED DATA: 051065B WORDS
    12 USES OF NON-STANDARD FEATURES
       8.80 SECONDS COMPILATION TIME
$EXIT

@NRL
RELOCATING LOADER LDR-1935I
*SIZE 1500
*LOAD AMJF:BRF
FREE: 047766-126712
*LOAD EXTRA-PAS-LIB
FREE: 050004-126712
*LOAD PASCAL-LIB-J
FREE: 060224-126555
*ENTRIES-UNDEFINED
FREE: 060224-126555
*DUMP "ADVENTURE-MJ:PROG"
*EXIT
@NRL
RELOCATING LOADER LDR-1935I
*SIZE 1500
*LOAD AMJ:BRF
FREE: 047722-126712
*LOAD EXTRA-PAS-LIB
FREE: 047740-126712
*LOAD PASCAL-LIB-J
FREE: 060160-126555
*ENTRIES-UNDEFINED
FREE: 060160-126555
*DUMP "AMJ:PROG"
*EXIT
@NRL
RELOCATING LOADER LDR-1935I
*SIZE 1500
*LOAD AMJS:BRF
FREE: 047741-126712
*LOAD EXTRA-PAS-LIB
FREE: 047757-126712
*LOAD PASCAL-LIB-J
FREE: 060177-126555
*ENTRIES-UNDEFINED
FREE: 060177-126555
*DUMP "AMJS:PROG"
*EXIT
@