#0 Connected at 18.09.2026 17:46:56 from 127.0.0.1:2038 to TERMINAL 8/ TET9 L:47 (39)


 17.46.53     18 SEPTEMBER   1998
 SINTRAN III - VSX/500 L
--- SINTRAN L FOR ND100X ---

ENTER 
 17.46.54     18 SEPTEMBER   1998
 SINTRAN III - VSX/500 L
--- SINTRAN L FOR ND100X ---

ENTER DNF
PASSWORD: 
OK
@DELETE-FILE DOD:BRF
@DELETE-FILE DOD:LIST
@DELETE-FILE DOD:PROG
@DELETE-FILE DODF:BRF
@DELETE-FILE DODF:LIST
@DELETE-FILE DOD-ENB:PROG
@BASIC
- BASIC COMPILER, JANUARY 85.
READY
TABLE-SIZES 1500,35000
READY
COMPILE DOD-ENB:SYMB,"DOD:LIST","DOD:BRF"
328 STATEMENTS COMPILED 
READY
BYE
@BASIC
- BASIC COMPILER, JANUARY 85.
READY
TABLE-SIZES 1500,35000
READY
COMPILE DODF:SYMB,"DODF:LIST","DODF:BRF"
343 STATEMENTS COMPILED 
READY
BYE
@NRL
RELOCATING LOADER LDR-1935I
*SIZE 2700
*LOAD DODF:BRF
FREE: 054704-177777
*LOAD LIBRARY-MJ:BRF
FREE: 054704-177777
*LOAD BASLIBR-H00:BRF
FREE: 072027-177777
*ENTRIES-UNDEFINED
FREE: 072027-177777
*DUMP "DOD-ENB:PROG"
*EXIT
@NRL
RELOCATING LOADER LDR-1935I
*SIZE 2700
*LOAD DOD:BRF
?
*LOAD LIBRARY-MJ:BRF
FREE: 054616-177777
*LOAD BASLIBR-H00:BRF
FREE: 071741-177777
*ENTRIES-UNDEFINED
FREE: 071741-177777
*DUMP "DOD:PROG"
*EXIT
@