#0 Connected at 18.09.2026 15:50:48 from 127.0.0.1:10965 to TERMINAL 8/ TET9 L:47 (39)


 15.50.47     18 SEPTEMBER   1998
 SINTRAN III - VSX/500 L
--- SINTRAN L FOR ND100X ---

ENTER 
 15.50.47     18 SEPTEMBER   1998
 SINTRAN III - VSX/500 L
--- SINTRAN L FOR ND100X ---

ENTER DNF
PASSWORD: 
OK
@DELETE-FILE AIC:BRF
@DELETE-FILE AIC:LIST
@DELETE-FILE AIC:PROG
@DELETE-FILE AICF:BRF
@DELETE-FILE AICF:LIST
@DELETE-FILE ADV-INTER-CB-MJ:PROG
@DELETE-FILE AEC:BRF
@DELETE-FILE AEC:LIST
@DELETE-FILE ADV-EDIT-CB-MJ:PROG
@BASIC
- BASIC COMPILER, JANUARY 85.
READY
DEFAULT-INTEGER
TABLE-SIZES 1500,35000
READY
COMPILE ADV-INTER-CB-MJ:SYMB,"AIC:LIST","AIC:BRF"
311 STATEMENTS COMPILED 
READY
BYE
@BASIC
- BASIC COMPILER, JANUARY 85.
READY
DEFAULT-INTEGER
TABLE-SIZES 1500,35000
READY
COMPILE AICF:SYMB,"AICF:LIST","AICF:BRF"
336 STATEMENTS COMPILED 
READY
BYE
@BASIC
- BASIC COMPILER, JANUARY 85.
READY
DEFAULT-INTEGER
TABLE-SIZES 1500,35000
READY
COMPILE ADV-EDIT-CB-MJ:SYMB,"AEC:LIST","AEC:BRF"
314 STATEMENTS COMPILED 
READY
BYE
@NRL
RELOCATING LOADER LDR-1935I
*SIZE 2700
*LOAD AIC:BRF
FREE: 055211-177777
*LOAD LIBRARY-MJ:BRF
FREE: 056224-177777
*LOAD BASLIBR-H00:BRF
FREE: 074647-177777
*ENTRIES-UNDEFINED
FREE: 074647-177777
*DUMP "AIC:PROG"
*EXIT
@NRL
RELOCATING LOADER LDR-1935I
*SIZE 2700
*LOAD AICF:BRF
FREE: 055732-177777
*LOAD LIBRARY-MJ:BRF
FREE: 056745-177777
*LOAD BASLIBR-H00:BRF
FREE: 075370-177777
*ENTRIES-UNDEFINED
FREE: 075370-177777
*DUMP "ADV-INTER-CB-MJ:PROG"
*EXIT
@NRL
RELOCATING LOADER LDR-1935I
*SIZE 2700
*LOAD AEC:BRF
FREE: 064740-177777
*LOAD LIBRARY-MJ:BRF
FREE: 066044-177777
*LOAD BASLIBR-H00:BRF
FREE: 105547-177777
*ENTRIES-UNDEFINED
FREE: 105547-177777
*DUMP "ADV-EDIT-CB-MJ:PROG"
*EXIT
@