#0 Connected at 17.09.2026 20:29:09 from 127.0.0.1:2991 to TERMINAL 8/ TET9 L:47 (39)


@
@DELETE-FILE LEGENDF:BRF
@DELETE-FILE LEGENDF:LIST
@DELETE-FILE LEGENDF:PROG
@DELETE-FILE LEGEND-LU:BRF
@DELETE-FILE LEGEND-LU:LIST
@DELETE-FILE LEGEND-LU:PROG
@BASIC
- BASIC COMPILER, JANUARY 85.
READY
DEFAULT-INTEGER
TABLE-SIZES 1500,35000
READY
COMPILE LEGEND-LU:ZYMB,"LEGEND-LU:LIST","LEGEND-LU:BRF"
1122 STATEMENTS COMPILED 
READY
BYE
@BASIC
- BASIC COMPILER, JANUARY 85.
READY
DEFAULT-INTEGER
TABLE-SIZES 1500,35000
READY
COMPILE LEGENDF:ZYMB,"LEGENDF:LIST","LEGENDF:BRF"
1152 STATEMENTS COMPILED 
READY
BYE
@NRL
RELOCATING LOADER LDR-1935I
*SIZE 2700
*LOAD LEGEND-LU:BRF
FREE: 131305-177777
*LOAD LIBRARY-MJ:BRF
FREE: 131510-177777
*LOAD BASLIBR-H00:BRF
FREE: 150201-177777
*ENTRIES-UNDEFINED
FREE: 150201-177777
*DUMP "LEGEND-LU:PROG"
*EXIT
@NRL
RELOCATING LOADER LDR-1935I
*SIZE 2700
*LOAD LEGENDF:BRF
FREE: 131542-177777
*LOAD LIBRARY-MJF:BRF
FREE: 131745-177777
*LOAD BASLIBR-H00:BRF
FREE: 150436-177777
*ENTRIES-UNDEFINED
FREE: 150436-177777
*DUMP "LEGENDF:PROG"
*EXIT
@