Приглашаем в путешествие! Вам нужны инструкции?
Неподалеку находится колоссальная пещера, где одни нашли золото и
сокровища, а другие, проникнув туда, не вернулись. Говорят, что в
пещере происходят чудеса. Я буду вашими глазами и руками. Управляйте
мной с помощью команд из 1 или 2 слов. Предупреждаю вас, что я смотрю
только на 4 первые буквы каждого слова, поэтому вы должны вводить
"северо-восток" как "св", чтобы отличить это слово от "север". Чтобы
получить совет, наберите "помоги" или "информируй".
- - - - - - - - - - - - - - - - - - - - - - - - - - - - - - - - - - -

Вы стоите у конца дороги перед небольшим кирпичным домом. Вокруг вас
лес. Небольшой ручей вытекает из дома и течет по оврагу.
Вы в лесной долине у ручья, текущего по каменистому ложу.
У ваших ног вся вода ручья стекает в пятисантиметровую щель в скале.
Вниз по течению дно ручья каменистое.
Вы 7-ми метровой впадине с глинистым дном. В ней находится крепкая
стальная решетка, вмонтированная в бетон. Сухое русло ручья ведет во
впадину.
Решетка заперта.
Вы не можете пройти сквозь запертую стальную решетку!
Но этого здесь нет!
Вы хотите прервать игру с тем, чтобы продолжить ее позднее?
OK
Вы снаружи у решетки.
Решетка заперта.
Вы 7-ми метровой впадине с глинистым дном. В ней находится крепкая
стальная решетка, вмонтированная в бетон. Сухое русло ручья ведет во
впадину.
Решетка заперта.
Вы ничего не несете.
Набрано очков:           Из возможных:        Всего ходов:
         5                     340                   3
Ясно, что вы относитесь к категории дилетантов.
Вы действительно хотите сдаться?
OK
Набрано очков:           Из возможных:        Всего ходов:
         5                     340                   4
Ясно, что вы относитесь к категории дилетантов.
