+--------------------------------------------------------------------------------+ 16,0
|         /\            |>          /\                                           |
|        |  |           |          |  |                                          |
|        |[]|           |          |[]|                                          |
|--_     |  |_[]_[]_[]_[]_[]_[]_[]_|  |        Welcome to                        |
|   ---__|  |                      |  |          QUEST                           |
|        |  |   O    O    O    O   |  | ---_____                                 |
|        |  |                      |  |         ---------________                |
|        |  |         /  \         |  |                          ---_            |
|   \|/  |  |        |   o|        |  |                              --          |
| | >=< ||  |        |____|        |  |                                          |
|   / \              /    \                                                      |
| /   ^\            /      \                                                     |
|/    O \          /        \                                                    |
|| c      \      /          /                                                    |
||     { Yow!  /           /                                                     |
| \     /      \           \                                                     |
| (((|)))       \           \                                                    |
|                \           \                                                   |
+--------------------------------------------------------------------------------+
+--------------------------------------------------------------------------------+ 16,0
|         /\            |>          /\                                           |
|        |  |           |          |  |                                          |
|        |[]|           |          |[]|                                          |
|--_     |  |_[]_[]_[]_[]_[]_[]_[]_|  |        Welcome to                        |
|   ---__|  |                      |  |          QUEST                           |
|        |  |   O    O    O    O   |  | ---_____                                 |
|        |  |                      |  |         ---------________                |
|        |  |         /  \         |  |                          ---_            |
|   \|/  |  |        |   o|        |  |                              --          |
| | >=< ||  |        |____|        |  |                                          |
|   / \              /    \                                                      |
| /   ^\            /      \                                                     |
|/    O \          /        \                                                    |
|| c      \      /          /                                                    |
||     { Yow!  /           /                                                     |
| \     /      \           \                                                     |
| (((|)))       \           \                                                    |
|                \           \                                                   |
+--------------------------------------------------------------------------------+
