
                            * * N Y H E T * *  
                          *   E V E N T Y R   * 
                         N ]  P ]  N O R S K !!!
  I hovedrollene: DVERGER,  DRAGER,  TROLL, til og med en PRINSESSE.    
Hvis du liker } l|se g}ter og problemer, vil du elske dette spillet, men
tenk litt p} at du krever en hel del av denne stakkars overarbeidede    
datamaskinen,  og dermed sinker den en hel del. 
                 LYKKE TIL !!!     (Det trenger du!)  
Velkommen til Skattejakt!!  \nsker du } se reglene?   
NEI
Du st}r ved enden av en vei foran et lite hus bygget i r|d mursten.     
Rundt deg er det skog. En liten bekk renner ut av huset og ned en kl|ft.
INN
Du er inne i huset, der du finner en br|nn som det renner en bekk ut av.
Det er noen n|kler her. 
Det er en skinnende lampe av messing i n{rheten.
Det er niste her. 
Det er en liten flaske med vann her.
TA N\KLER
OK    
TA LYKT
OK    
UT
Du er ved enden av veien.     
S
Du er i en dal i skogen ved siden av en bekk som tumler nedover et
stenete bekkefar. 
S
Alt vannet forsvinner i en 5cm sprekk i fjellet like ved bena dine.     
Lenger nede er bekkefaret bare sten.
S
Du er i et 5 meter dypt s|kk hvor grunnen er dekket med gj|rme.   
I gj|rmen er det en solid jernrist murt fast i betong. Et utt|rket
bekkefar f|rer ned i s|kket.  
Jernristen er l}st.     
]PNE JERNRIST
Jernristen er }pen n}.  
NED
Du er i et lite rom under jernristen.     
En lav korridor dekket med rullesten f|rer mot vest.  
Jernristen er }pen.     
V
Du krabber frem over rullesten i en lav korridor. Det er svakt lys i den
|stre enden.
Et lite flettet fuglebur ligger gjenglemt her.  
TA KURV
OK    
V
Det er bekm|rkt her. Fortsetter du vil du trolig falle i en sjakt.
TENN
Lykten er p}.     
Du er i et rom fylt med s|ppel som er skylt inn fra overflaten.   
En lav, vid korridor blir blokkert av gj|rme og s|ppel, men en vanskelig
kl|ft f|rer oppover mot vest. En beskjed p} veggen sier     
"Magisk ord :  XYZZY ". 
En meter lang sort stav med en rusten stjerne i enden ligger her. 
TA STAV
OK    
V
Du er i en vanskelig, bratt kl|ft som g}r |st/vest.   
V
Du er i et imponerende rom hvor veggene er istapper av orange sten
som g}r helt til taket 10 m over gulvet. Mot |st er det en vanskelig,   
bratt kl|ft og mot vest en god passasje.  
En nydelig liten fugl sitter her og synger.     
TA FUGL
Fuglen var rolig da du kom, men da ble den skremt og umulig } fange.    
SLIPP STAV
OK    
TA FUGL
OK    
V
Ved bena dine str|mmer det opp hvit t}ke fra en smal sjakt. En passasje 
fra |st stopper her i en smal sprekk.     
Grove stentrinn f|rer ned i sjakten.
NED
Du er i enden av t}kehallen. Den strekker seg fremover ut av syne mot   
vest.  Det er }pninger til begge sider.  Like i n{rheten f|rer en sten- 
trapp nedover.  Hallen er fylt med skyer av tett t}ke som b|lger frem   
og tilbake i trekken som den var levende. En kald vind bl}ser opp 
trappen. Det er en passasje p} toppen av en haug bak deg.   
Grove stentrinn f|rer opp p} haugen.
S
Dette er et lavt rom med en utydelig beskjed p} veggen som sier:  
"Du f}r den ikke med deg opp!"
Det er en stor glitrende gullklump her!   
TA GULL
OK    
N
Du er i t}kehallen.     
N
Du er i Dovregubbens hall, med ganger videre i alle retninger.    
En stor, gr|nn, hvesende slange stenger veien!  
V
Du kommer ikke forbi slangen. 
Du er i Dovregubbens hall.    
En stor, gr|nn, hvesende slange stenger veien!  
V
Du kommer ikke forbi slangen. 
Du er i Dovregubbens hall.    
En stor, gr|nn, hvesende slange stenger veien!  
V
Du kommer ikke forbi slangen. 
Du er i Dovregubbens hall.    
En stor, gr|nn, hvesende slange stenger veien!  
NED
Det er ikke mulig } g} i den retningen.   
Du er i Dovregubbens hall.    
En stor, gr|nn, hvesende slange stenger veien!  
N
Du kommer ikke forbi slangen. 
Du er i Dovregubbens hall, med ganger videre i alle retninger.    
En stor, gr|nn, hvesende slange stenger veien!  
S
Du kommer ikke forbi slangen. 
Du er i Dovregubbens hall.    
En stor, gr|nn, hvesende slange stenger veien!  
V
Du kommer ikke forbi slangen. 
Du er i Dovregubbens hall.    
En stor, gr|nn, hvesende slange stenger veien!  
V
Du kommer ikke forbi slangen. 
En liten dverg kom nettopp rundt et hj|rne, s} deg, kastet en liten |ks 
mot deg men bommet, snudde, og sprang sin vei.  
Du er i Dovregubbens hall.    
Det er en liten |ks her.
En stor, gr|nn, hvesende slange stenger veien!  
V
Du kommer ikke forbi slangen. 
Du er i Dovregubbens hall.    
Det er en liten |ks her.
En stor, gr|nn, hvesende slange stenger veien!  
NED
Det er ikke mulig } g} i den retningen.   
Du er i Dovregubbens hall, med ganger videre i alle retninger.    
Det er en liten |ks her.
En stor, gr|nn, hvesende slange stenger veien!  
S
Du kommer ikke forbi slangen. 
Du er i Dovregubbens hall.    
Det er en liten |ks her.
En stor, gr|nn, hvesende slange stenger veien!  
N
Du kommer ikke forbi slangen. 
Du er i Dovregubbens hall.    
Det er en liten |ks her.
En stor, gr|nn, hvesende slange stenger veien!  
\
Det er en skummel liten dverg i samme rom som deg!    
En skarp stygg kniv blir kastet mot deg!  
Den bommer! 
Du er i t}kehallen.     
N
Det er en skummel liten dverg i samme rom som deg!    
Du er i Dovregubbens hall.    
Det er en liten |ks her.
En stor, gr|nn, hvesende slange stenger veien!  
S
Du kommer ikke forbi slangen. 
Det er en skummel liten dverg i samme rom som deg!    
En skarp stygg kniv blir kastet mot deg!  
Den bommer! 
Du er i Dovregubbens hall.    
Det er en liten |ks her.
En stor, gr|nn, hvesende slange stenger veien!  
NED
Det er ikke mulig } g} i den retningen.   
Det er 2 fryktingytende sm} dverger her i  rommet.
En skarp stygg kniv blir kastet mot deg!  
Den bommer! 
Du er i Dovregubbens hall, med ganger videre i alle retninger.    
Det er en liten |ks her.
En stor, gr|nn, hvesende slange stenger veien!  
OPP
Det er 2 fryktingytende sm} dverger her i  rommet.
Du er i t}kehallen.     
V
Det er 2 fryktingytende sm} dverger her i  rommet.
Du er p} |stsiden av en sprekk som deler hallen p} tvers.  T}ken er     
sv{rt tykk her, og sprekken er for bred til at du kan hoppe over. 
V
Det er ikke noen vei over kl|ften.  
Det er 2 fryktingytende sm} dverger her i  rommet.
2 av dem kaster kniver etter deg.
En av dem traff deg!    
] for en ulykke!  Du har for}rsaket din egen d|d.  Jeg kan kanskje klare
} hjelpe deg ut, men jeg har igrunnen ikke gjort dette f|r.  Vil du jeg 
skal pr|ve } gjenf|de deg?    
S
Vennligst besvar sp|rsm}let.
N
OK    

Du oppn}dde  73 poeng av  500 oppn}elige,  i l|pet av   44 trekk.
Poengsummen din viser at du er en "Fersk eventyrer".  
For } f} en h|yere grad, trenger du 28 poeng ekstra.
