#0 Connected at 18.09.2026 17:28:59 from 127.0.0.1:3886 to TERMINAL 8/ TET9 L:47 (39)


 17.28.56     18 SEPTEMBER   1998
 SINTRAN III - VSX/500 L
--- SINTRAN L FOR ND100X ---

ENTER 
 17.28.57     18 SEPTEMBER   1998
 SINTRAN III - VSX/500 L
--- SINTRAN L FOR ND100X ---

ENTER DNF
PASSWORD: 
OK
@ADVENTURE-ENB
F

G
                           















Vill du ha instruktioner?N
V{nta ett tag tack

Du {r vid en bro


ORDER:Sluta

@

@ADVENTURE-ENB
F

G
                           















Vill du ha instruktioner?N
V{nta ett tag tack

Du {r vid en bro


ORDER:Sluta

@

@ADVENTURE-ENB
F

G
                           















Vill du ha instruktioner?N
V{nta ett tag tack

Du {r vid en bro


ORDER:Sluta

@

@ADVENTURE-ENB
F

G
                           















Vill du ha instruktioner?N
V{nta ett tag tack

Du {r vid ett berg


ORDER:Sluta

@

@