10 GOSUB2000
100 GOSUB3000:S1$=SV$:SV$="":PRINT:PRINT"[S>H]VA SKAL JEG GJORE NAA?":INPUTSV$
110 IFSV$=""THENSV$=S1$
120 V$="":S$="":P=1:FORI=1TOLEN(SV$):IFMID$(SV$,I,1)=" "THENP=2:GOTO150
130 IFP=1THENV$=V$+MID$(SV$,I,1)
140 IFP=2THENS$=S$+MID$(SV$,I,1)
150 NEXTI:V$=LEFT$(V$,3):S$=LEFT$(S$,3):PRINTUN$:PRINTSV$:PRINT
160 IFLEN(SV$)=1THENGOSUB2200:GOTO100
200 IFV$<>"TA"ANDV$<>"STJ"ANDV$<>"KAS"ANDV$<>"SLI"THEN300
202 N=0:IFS$="ASK"THENN=35
204 IFS$="NOK"THENN=17
206 IFS$="STA"ORS$="TRA"THENN=18
208 IFS$="BRE"ORS$="JER"THENN=19
210 IFS$="BEI"ORS$="RES"THENN=20
212 IFS$="DIS"THENN=21
214 IFS$="DAT"ORS$="MAS"THENN=22
216 IFS$="MOD"THENN=23
218 IFS$="DIA"ORS$="GUL"THENN=24
220 IFS$="GRE"THENN=25
222 IFS$="BLA"THENN=26
224 IFS$="FIL"THENN=27
226 IFS$="SPI"ORS$="BOR"THENN=28
228 IFS$="STO"THENN=29
230 IFS$="TAU"THENN=30
232 IFS$="OKS"THENN=31
234 IFS$="RYG"ORS$="SEK"THENN=32
236 IFS$="MAT"ORS$="PAK"THENN=33
238 IFS$="BLA"ANDP(26)<>IVAND(P(25)=IVORP(25)=S)THENP(26)=IV:TE=TE+1:GOTO398
240 IFS$="BLA"ANDP(26)<>0THENN=26:GOTO270
242 IFS$="LAM"THENN=38
244 IFS$="SAK"THENN=39
260 IFN<>0THEN270
265 PRINT"[S>D]ET ER JEG IKKE ISTAND TIL.":GOTO100
270 IFV$="KAS"ORV$="SLI"THEN296
271 AN=2:IFP(32)=IVTHENAN=5
272 IFTE>ANTHENPRINT"[S>H]AR FOR MYE PAA MEG!":GOTO100
274 IFP(N)=IVTHENPRINT"[S>H]AR DET ALLEREDE PAA MEG!":GOTO100
276 IFP(N)<>STHEN2140
278 IFN=35ANDP(17)=0THENP(17)=S
294 P(N)=IV:TE=TE+1:PRINT"[S>O].[S>K].":GOTO100
296 IFP(N)<>IVTHENPRINT"[S>J]EG HAR DET IKKE PAA MEG !":GOTO100
298 P(N)=S:TE=TE-1:PRINT"[S>O].[S>K].":GOTO100
300 IFV$<>"GAA"ANDV$<>"LOP"THEN400
302 N=S:IFS$=""THENPRINT"[S>H]VOR DA?":GOTO100
305 IFLEN(S$)=1THEN399
310 IFS$="NOR"ORS$="SOR"ORS$="OST"ORS$="VES"ORS$="OPP"THEN399
315 IFS$="DOR"ANDS=2ANDS=P(9)THENS=3
317 IFS$="HUS"ANDS=3THENS=2
320 IFS$="SKO"ANDS>2ANDS<11THENS=7
322 IFS$="TRE"ANDS=8ANDS=P(1)THENS=11
323 IF(S$="TRE"ORS$="STU")ANDS=8ANDS=P(37)THENS=28
324 IFS$="SPR"ANDS=5ANDP(4)=STHENS=12
326 IFS$="BOD"ANDS=25ANDS=P(2)THENS=13
328 IFS$="BOR"AND(P(28)=SORP(28)=IV)THENGOSUB4300
330 IF(S$="SJA"ORS$="NED")ANDS=17THENGOSUB4320
332 IFS$="HUL"ANDS=22ANDP(43)=STHENS=23
396 IFS<>NTHEN398
397 GOSUB2430:GOTO100
398 PRINT"[S>O].[S>K].":GOTO100
399 V$=LEFT$(S$,1):GOSUB2400:GOTO100
400 IFV$<>"UND"THEN500
402 IFS$=""THENPRINT"[S>U]NDERSOKE HVA DA?":GOTO100
404 IFS$<>"BLA"ANDS$<>"VEG"ANDS$<>"SKI"ANDS$<>"SKJ"THEN406
405 PRINT"[S>D]ET STAAR NOE SKREVET DER. [S>K]ANSKJE DU[3SPC]SKULLE LESE DET!":GOTO100
406 IFS$="ASK"ANDP(17)=0ANDS=1THENP(17)=S:PRINT"[S>D]U FANT NOE I ASKA!":GOTO100
408 IFS$="KIS"ANDS=2ANDP(30)=0THENPRINT"[S>K]ANSKJE DU SKULLE AAPNE DEN ?":GOTO100
410 IFS$="SKA"ANDS=26ANDP(33)=0THENPRINT"[S>D]ET FALT NOE UT!":P(33)=S:GOTO100
411 IFS$="KJE"ANDS=10THENPRINT"[S>H]UN SER SULTEN UT!":GOTO100
412 IFS$="BOD"ANDS=25ANDP(2)=0THENPRINT"[S>D]EN ER LAAST.":GOTO100
414 IFS$<>"PRI"THEN416
415 PRINT"[S>D]ET FAAR DU NOK VENTE MED TIL ETTER[5SPC]BRYLUPPET.":GOTO100
416 IFS$="LAM"AND(P(38)=IVORP(38)=S)THENPRINT"[S>D]EN LYSER.":GOTO100
499 PRINT"[S>J]EG SER IKKE NOE SPESIELT.":GOTO100
500 IFV$<>"AAP"THEN550
501 IFS$<>"RYG"ANDS$<>"SEK"THEN505
502 IFP(32)=IVORP(32)=STHENPRINT"[S>D]EN ER ALLEREDE AAPEN.":GOTO100
505 IFS$<>"KIS"ORS<>2THEN510
506 IFP(6)=0THEN549
508 PRINT"[S>D]ET FALT NOE UT!":P(30)=S:P(31)=S:P(6)=0:P(7)=S:GOTO100
510 IFS$="SKA"AND S=26THEN549
548 PRINT"[S>D]ET ER FINT AT DU PROVER DEG!":GOTO100
549 PRINT"[S>D]ET ER ALLEREDE AAPENT.":GOTO100
550 IFV$<>"LAA"THEN570
555 IFS$="OPP"ANDS=2ANDP(17)=IVTHENP(8)=0:P(9)=S:GOTO398
560 IFS$="DOR"ANDS=2ANDP(17)=IVTHENP(9)=0:P(8)=S:GOTO398
565 PRINT"[S>J]EG HAR IKKE RIKTIG NOKKEL.":GOTO100
570 IFV$<>"KLA"THEN600
575 IF(S<>8ANDS<>11)ORP(1)=0THENPRINT"[S>D]ET GAAR IKKE AN AA KLATRE HER!":GOTO100
580 IFS=8THENS=11:GOTO398
590 IFS=11THENS=8:GOTO398
600 IFV$<>"LES"THEN650
610 IFS$<>"BLA"ANDS$<>"VEG"ANDS$<>"STE"ANDS$<>"SKI"ANDS$<>"SKJ"THEN649
620 IFS$="BLA"ANDP(26)=IVTHEN4000
625 IFS$="SKI"ANDS=9THENPRINT:PRINT"[S>D]ET STAAR '[S>M][S>A][S>T] [S>I][2S>K][S>E] [S>K][S>J][S>E][2S>R][S>I][S>N][S>G][S>A]!'":GOTO100
630 IF(S$="VEG"ORS$="STE")ANDS=5THEN4100
635 IFS$="SKJ"ANDS=14THENPRINT:PRINT"[S>I]NPUT CODE!":GOTO100
640 GOTO2140
649 PRINT"[S>D]ET KAN JEG IKKE LESE!":GOTO100
650 IFV$="LOG"THENGOSUB4250:GOTO100
660 IFV$<>"GI"THEN700
665 IFS=10THEN675
670 PRINT"[S>D]ET ER INGEN HER SOM VIL HA NOE FRA DEG.":GOTO100
675 IFS$="MAT"ANDP(33)=IVTHENP(33)=0:TE=TE-1:GOTO4200
680 PRINT"[S>D]EN GAMLE KJERRINGA SER BARE OLMT PAA DEG.":GOTO100
700 IFV$<>"SI"THEN750
710 IFS$<>"SES"THEN739
720 IFS=5ANDP(4)=0THENP(4)=5:P(3)=0:R$(5)="N12S07006V08":GOTO740
739 PRINT"BLA. BLA. BLA.":GOTO100
740 PRINT"[S>D]U HORER ET OREDOVENDE BRAK, OG SER AT"
742 PRINT"FJELLVEGGEN REVNER FORAN DEG.":GOTO100
750 IFV$<>"DIR"THEN800
760 IFP(18)<>IVTHENPRINT"[S>J]EG TRENGER NOE AA DIRKE MED!":GOTO100
770 IFS=25THENP(2)=S:P(13)=0:GOTO398
780 GOTO265
800 IFV$<>"HOG"THEN850
810 IF P(31)<>IVTHENPRINT"[S>J]EG TRENGER NOE AA HOGGE MED!":GOTO100
820 IFP(1)=SANDS$="TRE"THEN840
830 PRINT"[S>J]EG HOGGER IKKE NED HVASOMHELST!":GOTO100
840 P(1)=0:P(37)=S:PRINT"[S>T]REET GAAR I BAKKEN MED ET BRAK.":GOTO100
850 IFV$<>"KLI"THEN900
860 IFP(39)<>IVTHENPRINT"[S>J]EG TRENGER NOE AA KLIPPE MED!":GOTO100
865 IFS$="LED"ANDS=16THENP(40)=0:P(41)=16:GOTO398
870 GOTO265
900 IFV$<>"BIN"THEN950
910 IFP(30)<>IVTHENPRINT"[S>J]EG TRENGER ET TAU!":GOTO100
920 IFS=30THENP(30)=0:P(42)=17:TE=TE-1:GOTO398
930 PRINT"[S>J]EG FAAR IKKE BUNDET TAUET HER!":GOTO100
950 IFV$<>"FIL"THEN1000
960 IFP(27)<>IVTHENPRINT"[S>J]EG TRENGER NOE AA FILE MED!":GOTO100
970 IFS$="KJE"ANDP(11)=STHENP(11)=0:P(12)=S:GOSUB2305:GOTO100
980 PRINT"[S>D]ET ER UMULIG!":GOTO100
1000 IFV$<>"FLY"THEN1050
1010 IFS$<>"STE"ORS<>22THEN1030
1020 IFP(19)<>IVTHEN265
1025 P(43)=S:GOTO398
1050 IFV$<>"KRY"THEN1100
1060 IFS$<>"ELV"ORS<>24THEN1090
1070 IFP(25)=IVORP(25)=STHEN6000
1080 PRINT"[S>D]U ER SPRO. [S>S]TROMMEN VILLE TATT LIVET[3SPC]AV DEG MED EN GANG.":GOTO100
1090 PRINT"[S>I]KKE TULL!":GOTO100
1100 IFV$<>"SLU"THEN1110
1102 PRINT:PRINT"[S>S]KAL DU VIRKELIG SLUTTE AA SPILLE?":GOSUB2120
1105 IFZ$="J"THENEND
1108 PRINT"[S>F]ORSIKTIGERE NESTE GANG!":GOTO100
1110 IFV$<>"SPI"THEN1120
1112 IFS$<>"MAT"THEN1115
1113 IFP(33)=IVTHENTE=TE-1:P(33)=0:GOTO398
1114 IFP(33)=STHENP(33)=0:GOTO398
1115 PRINT"[S>B]JON [S>A]PPETITTE!":GOTO100
1120 IFV$="SAV"THENGOSUB2500:GOTO100
1130 IFV$="LOA"THENGOSUB2600:GOTO100
1140 IFV$="HJE"THENPRINT"[S>U]NDERSOK ALT NOYE!":GOTO100
1999 PRINT:PRINT"[S>J]EG FORSTAAR IKKE "CHR$(34)SV$CHR$(34)".":GOTO100
2000 PRINTCHR$(14)::CR$=CHR$(13):D$="[CD][S>D]U BEFINNER DEG"
2005 UN$="[40-]"
2010 PRINT:PRINT"[14SPC][S>A][S>S][S>C][2S>I]-[S>L][S>A][2S>D][S>E][S>N][14SPC]":PRINT
2020 PRINT"[10SPC][S>E]T [S>A]DVENTURESPILL AV":PRINT
2030 PRINT"[4SPC][S>T]OR [S>E]NGEBAKKEN OG [S>J]OHN [S>A]NDERSEN":TE=0
2040 READAS:DIMS$(AS),R$(AS),FL(AS):FORI=1TOAS:READS$(I),R$(I):FL(I)=0:NEXT
2045 IV=AS+1:S=1:SV$="^"
2050 READAG:DIMG$(AG),P(AG):FORI=1TOAG:READG$(I),P(I):NEXT:RR$(O)="NS0VO"
2060 RR$(1)="[S>N]ORD ":RR$(2)="[S>S]OR ":RR$(3)="OST ":RR$(4)="[S>V]EST ":RR$(5)="[S>O]PP "
2070 PRINT:PRINT:PRINT"ONSKER DU AA HENTE INN ET SAVET SPILL ?"
2080 GOSUB2120:IFZ$="N"THENPRINT:PRINT:RETURN
2090 GOSUB2600:RETURN
2099 RETURN
2100 GETZ$:IFZ$=""THEN2100
2110 RETURN
2120 PRINT:PRINT:PRINT"[16SPC][LBR][S>J]/[S>N][RBR]"
2125 GETZ$:IFZ$<>"N"ANDZ$<>"J"THEN2125
2130 RETURN
2140 PRINT"[S>J]EG KAN IKKE SE DET HER!":GOTO100
2200 IFV$<>"*"THEN2300
2210 PRINT:PRINT"[S>D]U HAR PAA DEG :":PRINT:J=0:FORI=1TOAG
2220 IFP(I)=IVTHENPRINTG$(I)".":J=1
2230 NEXT:IFJ=0THENPRINT"[S>I]NGEN VERDENS TING!"
2240 RETURN
2300 IFV$<>"^"THEN2400
2305 IFS>11ANDS<26ANDP(38)<>IVANDP(38)<>STHENPRINT"[S>D]ET ER MORKT HER!":RETURN
2310 PRINTD$:PRINTS$(S)".[CD]"
2320 FORI=1TOAG:IFP(I)=STHENPRINTG$(I)"."
2330 NEXTI:PRINT
2340 FORI=1TOLEN(R$(S))STEP3:FORJ=1TOLEN(RR$(O))
2350 IFMID$(R$(S),I,1)=MID$(RR$(O),J,1)THENPRINTRR$(J);
2360 NEXTJ,I:PRINT:RETURN
2400 I=1:IFV$<>"N"ANDV$<>"S"ANDV$<>"O"ANDV$<>"V"ANDV$<>"0"THEN2440
2410 IFMID$(R$(S),I,1)=V$THENS=VAL(MID$(R$(S),I+1,2)):PRINT"[S>O].[S>K].":RETURN
2420 I=I+3:IFI<LEN(R$(S))THEN2410
2430 PRINT"[S>D]U KAN IKKE GAA DEN VEIEN.":RETURN
2440 PRINT"[S>F]OLGENDE FORKORTELSER KAN BRUKES:"
2442 PRINT:PRINT"*-[S>D]U SER HVA DU HAR PAA DEG.":PRINT"^-[S>D]U SER HVOR DU ER."
2444 PRINT"[S>N]-[S>N]ORD.":PRINT"[S>S]-[S>S]OR.":PRINT"0-OST.":PRINT"[S>V]-[S>V]EST.":PRINT"[S>O]-[S>O]PP"
2446 PRINT:PRINT"[S>O][S>B][S>S]! [S>B]RUK NULL FOR O.":RETURN
2500 GOSUB2700:E=1:FI$="ADV-FIL":IFZ$="D"THENFI$="@:"+FI$+",S,W":E=2
2510 OPEN1,D,E,FI$:PRINT#1,TE,CR$,R$(5),CR$,R$(29),CR$,S,CR$
2520 FORI=1TOAG:PRINT#1,P(I):NEXT:FORI=1TOAS:PRINT#1,FL(I):NEXT:CLOSE1:RETURN
2600 GOSUB2700:FI$="ADV-FIL":E=0:IFZ$="D"THENE=2:FI$=FI$+",S,R"
2610 OPEN1,D,E,FI$:INPUT#1,TE,R$(5),R$(29),S
2620 FORI=1TOAG:INPUT#1,P(I):NEXT:FORI=1TOAS:INPUT#1,FL(I):NEXT:CLOSE1:RETURN
2700 PRINT:PRINT"[S>D]ISK ELLER [S>K]ASETT?":PRINT
2710 GETZ$:IFZ$<>"D"ANDZ$<>"K"THEN2710
2720 D=1:IFZ$="D"THEND=8
2730 RETURN
3000 IFFL(S)=0THENGOSUB2305:FL(S)=1
3010 IFS=20ANDP(41)=0THENPRINT"[S>A]LARMEN GAAR MED ET FORFERDELIG LEVEN.":GOTO5000
3020 IFP(12)<>0THENP(12)=S
3099 RETURN
4000 PRINT:PRINT"[S>M][S>I][S>K][S>R][S>O][S>D][S>A][S>T][S>A][4SPC]8/7 1984.":PRINT:PRINT"[S>S]ENSASJONELL AVSLORING."
4010 PRINT"[S>Q]UANTUM BETYR DEN MINSTE MAALBARE ENHET.";
4020 PRINT"[S>R]YKTENE VIL HA DET TIL AT [S>S]INCLAIR [S>Q][S>L][3SPC]LEVER OPP TIL NAVNET, OG ";
4030 PRINT"KOMMER MED":PRINT"TASTATUR."
4040 PRINT:PRINT"[S>T]IPS FOR AA KJORE EN DATABASE:":PRINT:PRINT"[S>L]OGIN.":GOTO100
4100 PRINT:PRINT"[11SPC][S>D][S>O][S>V][S>R][S>E][S>G][S>U][2S>B][S>E][S>N][S>S] [S>H][S>A][2S>L]":PRINT
4110 PRINT"[S>U]VEDKOMMENDE INGEN ADGANG!":PRINT"[S>D]AG OG NATT VAAKER JEG OVER ";
4115 PRINT" PRINSESSEN[2SPC]OG SKATTEN, OG JEG ER ALLTID PAA VAKT."
4117 PRINT:PRINT"[21SPC][S>H][S>I][S>L][S>S][S>E][S>N] [S>T][S>R][S>O][2S>L][S>E][S>T]":PRINT:PRINT
4120 PRINTTAB(15)"[S>N].[S>B].":PRINT
4130 PRINT"[5SPC][S>P]ARKER IKKE FORAN PORTEN!":PRINT:GOTO100
4200 PRINT"[S>D]EN GAMLE KJERRINGA GLEFSER I SEG[7SPC]MATPAKKA DI, OG ETTER ET";
4210 PRINT" LANGT RAP, SNURHUN SEG MOT DEG OG SIER:":PRINT:PRINT"[S>F]ORDI DU VAR";
4220 PRINT" SLIK EIN VEN OG GOD GUT[4SPC]SKAL EG GI DEG TO GODE RAAD.":PRINT"[S>E]G";
4230 PRINT" VEIT DU ER ETTER PRINSESSA, OG FOR[3SPC]AA KOMA INN HJAA TROLLET,";
4235 PRINT" LYT DU SEIA[3SPC]"CHR$(34)"SESAM"CHR$(34)" ATMED DORA HASS.":PRINT
4236 PRINT"[S>R]UKKELISPRETTEN VINN I FJERDE [S>V]6-LOP PAA[S>J]ARLSBERG'":GOTO100
4250 IFP(22)=SANDP(36)=SANDS=P(23)THEN4270
4260 PRINT"[S>U]TSTYRET ER UFULLSTENDIG. [S>K]ONTAKT MED[3SPC]DATABASEN IKKE OPPNAADD."
4265 RETURN
4270 IFP(38)<>IVANDS<>P(38)THENPRINT"[S>D]ET ER FOR MORKT TIL AA SE NOE HER.":RETURN
4271 PRINTTAB(10);"[S>D][S>A][S>T][S>A][S>B][S>A][S>S][S>E] [S>F][S>O][S>R] [S>T][S>R][S>O][2S>L]"
4280 PRINT:PRINT"[S>A][S>S][S>K][S>E][S>L][S>A][2S>D][S>E][S>N].":PRINT"[S>U]BEHAGELIG TYPE, SOM TILBRINGER"
4281 PRINT"MESTEPARTEN AV TIDEN MED AA RAPPE[7SPC]PRINSESSER FRA SNILLE TROLL."
4282 PRINT:PRINT"[S>P][S>R][S>I][S>N][S>S][S>E][2S>S][S>E][S>N].":PRINT"[S>P]ERSON HVIS ENESTE EKSISTENSBERETTIGELSE";
4283 PRINT"ER AA BLI TATT TIL FANGE AV TROLL."
4284 PRINT"([S>M]AA GUDENE VITE HVORFOR!!!)"
4286 PRINT:PRINT"[S>T][S>R][S>O][2S>L][S>E][S>T].":PRINT"[S>M]ISFORSTAATT INDIVID FRA NORSKE"
4287 PRINT"FOLKEEVENTYR."
4289 PRINT:PRINT"[S>A][S>L][S>A][S>R][S>M][S>E][S>N].":PRINT"[S>N]YTTIG HJELPEMIDDEL FOR AA HINDRE TYVERI";
4291 PRINT"AV PRINSESSER OG SKATTER."
4293 RETURN
4300 IFP(28)=IVTHENP(28)=S:TE=TE-1
4305 IFS=17THENS=30:RETURN
4310 R$(29)="S"+RIGHT$(STR$(S),LEN(STR$(S))-1):S=29:RETURN
4320 IFP(42)<>17THENPRINT"[S>D]U FALLER NEDOVER SJAKTA MED BULDER OG[2SPC]BRAK."
4325 IFP(42)<>17THEN5000
4330 S=18:RETURN
5000 PRINT"[S>T]ROLLET VAAKNER AV BRAAKET, OG KOMMER[3SPC]STORMENDE INN I ROMMET."
5010 PRINT"[S>H]AN FAAR OYE PAA DEG, OG UTEN AA NOLE,[2SPC]SLUKER HAN DEG I ET JAFS."
5020 PRINT:PRINTTAB(10)" [S>A][S>D][S>V][S>E][S>N][S>T][S>U][S>R][S>E] [S>O][S>V][S>E][S>R] ":PRINT:PRINT"[S>S]KAL DU PROVE IGJEN?"
5030 GOSUB2120:IFZ$="J"THENRUN
5040 END
6000 PRINT"[S>D]U LEGGER GREINA OVER ELVA, OG LOPER[4SPC]ELEGANT OVER SAMMEN MED";
6010 PRINT" PRINSESSEN. [S>D]A[2SPC]KONGEN FAAR HORE OM DETTE, GIR HAN DEG[2SPC]BAADE";
6020 PRINT" PRINSESSA OG KONGERIKET, OG DU[4SPC]LEVER LYKKELIG VIDERE I ";
6030 PRINT"[S>A]DVENTURELAND[3SPC]RESTEN AV DIN LEVETID.":PRINT
6040 PRINT"[S>D]ETTE ADVENTURSPILLET ER OVER,MEN DET ERUBEGRENSEDE MULIGHETER TIL";
6050 PRINT" AA LAGE FLERE":PRINTTAB(12)"[S>S]ETT IGANG!":PRINT:GOTO5020
10000 DATA 30:REM ANTALL STEDER
10010 DATA "I OVNSKROKEN. [S>S]ELV OM DET ER SVART OG[3SPC]STYGT HER,TRIVES DU GODT"
10015 DATA S02
10020 DATA "I EI STUE"
10025 DATA N01V26
10030 DATA "UTENFOR ET HUS. [S>D]ET ER SKOG RUNDT DEG[3SPC]PAA ALLE KANTER"
10035 DATA N04
10040 DATA "PAA EN STOVETE LANDEVEI. [S>S]KOGEN GAAR[4SPC]LIKE NED TIL VEIEN"
10045 DATA N05S03
10050 DATA "INNE I EN SKOG. [S>E]N MASSIV FJELLVEGG[5SPC]SPERRER VEIEN MOT NORD"
10055 DATA S07006V08
10060 DATA "INNE I EN SKOG.[S>D]ET ER NESTEN HAAPLOST AAORIENTERE SEG"
10065 DATA N06S07006V10
10070 DATA "INNE I EN SKOG.[S>D]ET ER LETT AA GAA SEG[3SPC]VILL HER INNE"
10075 DATA N06S07009V05
10080 DATA "INNE I EN SKOG.[S>D]ET ER LETT AA GAA SEG[3SPC]VILL HER INNE"
10085 DATA N05S09010V06
10090 DATA "PAA EN LYSNING INNE I SKOGEN. [S>D]ET STAAR ET SKILT HER"
10095 DATA N05S10006V07
10100 DATA "INNE I EN SKOG. [S>D]ET STAAR EI GAMMAL[5SPC]KJERRING HER"
10105 DATA N04S06007V08
10110 DATA "OPPE I ET TRE. [S>R]UNDT DEG PAA ALLE KANTERER DET SKOG OG ATTER SKOG",
10120 DATA "INNE I EI HULE."
10125 DATA N15S05014V25
10130 DATA "I EI REDSKAPSBOD"
10135 DATA N25
10140 DATA "I ET ROM FULLT AV DATAMASKINER OG[7SPC]ELEKTRONISK UTSTYR"
10145 DATA V12
10150 DATA "I EN LANG,TRANG GANG"
10155 DATA S12N16
10160 DATA "I EN BUET GANG"
10165 DATA S15017
10170 DATA "I ET ROM. [S>D]ET ER EI JERNSTANG OPPE PAA[2SPC]VEGGEN"
10175 DATA V16
10180 DATA "PAA BUNNEN AV EN SJAKT, NORD FOR[8SPC]SKATTKAMMERET"
10185 DATA S20019O17
10190 DATA "PAA SOVEROMMET TIL TROLLET"
10195 DATA V18
10200 DATA "I TROLLETS SKATTEKAMMER"
10205 DATA N18S21
10210 DATA "I TRONSALEN. [S>D]ET STAAR EN HESLIG STOL[3SPC]MIDT I ROMMET"
10215 DATA N20S22
10220 DATA "I EN FANGEKJELLER. [S>D]ET MYLDRER AV ROTTEROG MUS HER"
10225 DATA N21
10230 DATA "I EN MORK OG SLEIP TUNNELL"
10235 DATA 024V22
10240 DATA "I EN TUNNELL. [S>D]U SKIMTER LYS IFRA OST, MEN EI ELV STENGER VEIEN"
10245 DATA V23
10250 DATA "PAA ET UTOLIG ROTETE KJOKKEN"
10255 DATA 012
10260 DATA "PAA ET KJOKKEN"
10265 DATA 002
10266 DATA "I EN MORK OG SLEIP TUNNEL"
10267 DATAN23S24V23023
10270 DATA "INNE I EN HUL TRESTAMME"
10275 DATA O08
10280 DATA "[S>O]PPE PAA ET SPISEBORD. [S>D]U SER TEMMELIG[2SPC]DUSTETE UT DER DU STAAR",
10290 DATA "[S>O]PPE PAA ET SPISEBORD. [S>J]ERNSTANGA ER[4SPC]INNEN REKKEVIDDE."
10295 DATA S17
11000 DATA 43:REM ANTALL GJENSTANDER
11010 DATA "[S>E]T STORT TRE HVOR EN AV GRENENE HENGER[2SPC]NESTEN NED TIL BAKKEN",8
11020 DATA "[S>E]I AAPEN BOD",0
11030 DATA "[S>E]N STEINVEGG",5
11040 DATA "[S>D]ET ER EN AAPEN SPREKK I FJELLVEGGEN",0
11050 DATA "[S>E]T HUS",3
11060 DATA "[S>E]I ROSEMALT KISTE",2
11070 DATA "[S>E]I AAPEN ROSEMALT KISTE",0
11080 DATA "[S>E]I LAAST DOR",2
11090 DATA "[S>E]I AAPEN DOR",0
11100 DATA "[S>T]ROLLET LIGGER OG SNORKER BORTE I DET[3SPC]ENE HJORNET AV ROMMET",19
11110 DATA "[S>P]RINSESSEN SITTER LENKET FAST TIL VEGGENMED EN DIGER KJETTING",22
11120 DATA "[S>P]RINSESSEN FOLGER DEG HVOR DU ENN GAAR. [S>H]UN SER BEUNDRENDE PAA DEG"
11130 DATA 0
11140 DATA "[S>E]N BOD",25
11150 DATA "[S>E]N FORFERDELIG STYGG TRONE. [S>D]ET ER MULIG AT ET TROLL VILLE LIKT DEN"
11160 DATA 21
11170 DATA "[S>E]N BUNNLOS SJAKT (?)",17
11180 DATA "[S>E]T SKAP",26
11190 DATA "[S>E]N NOKKEL",0
11200 DATA "[S>E]N STAALTRAAD",9
11210 DATA "[S>E]T STORT BREKKJERN",13
11220 DATA "[S>N]OEN BEINRESTER",25
11230 DATA "[S>E]N HAUG MED DISKETTER",14
11240 DATA "[S>E]N DATAMASKIN",14
11250 DATA "[S>E]T MODEM",14
11260 DATA "[S>D]IAMANTER OG GULL I UTROLIGE MENGDER",20
11270 DATA "[S>E]I STOR GREIN MED MANGE BLADER",11
11280 DATA "[S>E]T BLAD",0
11290 DATA "[S>E]I FIL",13
11300 DATA "[S>E]T SPISEBORD",25
11310 DATA "[S>E]N STOL",25
11320 DATA "[S>E]T LANGT TAU",0
11330 DATA "[S>E]I STOR OKS",0
11340 DATA "[S>E]N DIGER RYGGSEKK",26
11350 DATA "[S>E]I MATPAKKE",0
11360 DATA "[S>E]N DIGER STEIN",22
11370 DATA "[S>E]N HAUG MED ASKE",1
11380 DATA "[S>E]N DIGER DATASKJERM",14
11390 DATA "[S>E]N MENGDE TREFLISER, OG EN HUL TRESTUBBESOM STIKKER OPP FRA BAKKEN"
11400 DATA 0
11410 DATA "[S>E]I LAMPE",28
11420 DATA "[S>E]I SAKS",19
11430 DATA "[S>E]N LEDNING SOM GAAR NED GJENNOM ET HULL I GULVET",16
11440 DATA "[S>E]N AVKLIPPET LEDNING",0
11450 DATA "[S>E]T TAU HENGER NED I SJAKTA.",0
11460 DATA "[S>E]T HULL I VEGGEN",0
