300 IFV$<>"GAA"ANDV$<>"LOP"THEN400
302 N=S:IFS$=""THENPRINT"[S>H]VOR DA?":GOTO100
305 IFLEN(S$)=1THEN399
310 IFS$="NOR"ORS$="SOR"ORS$="OST"ORS$="VES"ORS$="OPP"THEN399
315 IFS$="DOR"ANDS=2ANDS=P(9)THENS=3
317 IFS$="HUS"ANDS=3THENS=2
320 IFS$="SKO"ANDS>2ANDS<11THENS=7
322 IFS$="TRE"ANDS=8ANDS=P(1)THENS=11
323 IF(S$="TRE"ORS$="STU")ANDS=8ANDS=P(37)THENS=28
324 IFS$="SPR"ANDS=5ANDP(4)=STHENS=12
326 IFS$="BOD"ANDS=25ANDS=P(2)THENS=13
328 IFS$="BOR"AND(P(28)=SORP(28)=IV)THENGOSUB4300
330 IF(S$="SJA"ORS$="NED")ANDS=17THENGOSUB4320
332 IFS$="HUL"ANDS=22ANDP(43)=STHENS=23
396 IFS<>NTHEN398
397 GOSUB2430:GOTO100
398 PRINT"[S>O].[S>K].":GOTO100
399 V$=LEFT$(S$,1):GOSUB2400:GOTO100
400 IFV$<>"UND"THEN500
402 IFS$=""THENPRINT"[S>U]NDERSOKE HVA DA?":GOTO100
404 IFS$<>"BLA"ANDS$<>"VEG"ANDS$<>"SKI"ANDS$<>"SKJ"THEN406
405 PRINT"[S>D]ET STAAR NOE SKREVET DER. [S>K]ANSKJE DU[3SPC]SKULLE LESE DET!":GOTO100
406 IFS$="ASK"ANDP(17)=0ANDS=1THENP(17)=S:PRINT"[S>D]U FANT NOE I ASKA!":GOTO100
408 IFS$="KIS"ANDS=2ANDP(30)=0THENPRINT"[S>K]ANSKJE DU SKULLE AAPNE DEN ?":GOTO100
410 IFS$="SKA"ANDS=26ANDP(33)=0THENPRINT"[S>D]ET FALT NOE UT!":P(33)=S:GOTO100
411 IFS$="KJE"ANDS=10THENPRINT"[S>H]UN SER SULTEN UT!":GOTO100
412 IFS$="BOD"ANDS=25ANDP(2)=0THENPRINT"[S>D]EN ER LAAST.":GOTO100
414 IFS$<>"PRI"THEN416
415 PRINT"[S>D]ET FAAR DU NOK VENTE MED TIL ETTER[5SPC]BRYLUPPET.":GOTO100
416 IFS$="LAM"AND(P(38)=IVORP(38)=S)THENPRINT"[S>D]EN LYSER.":GOTO100
499 PRINT"[S>J]EG SER IKKE NOE SPESIELT.":GOTO100
500 IFV$<>"AAP"THEN550
501 IFS$<>"RYG"ANDS$<>"SEK"THEN505
502 IFP(32)=IVORP(32)=STHENPRINT"[S>D]EN ER ALLEREDE AAPEN.":GOTO100
505 IFS$<>"KIS"ORS<>2THEN510
506 IFP(6)=0THEN549
508 PRINT"[S>D]ET FALT NOE UT!":P(30)=S:P(31)=S:P(6)=0:P(7)=S:GOTO100
510 IFS$="SKA"AND S=26THEN549
548 PRINT"[S>D]ET ER FINT AT DU PROVER DEG!":GOTO100
549 PRINT"[S>D]ET ER ALLEREDE AAPENT.":GOTO100
550 IFV$<>"LAA"THEN570
555 IFS$="OPP"ANDS=2ANDP(17)=IVTHENP(8)=0:P(9)=S:GOTO398
560 IFS$="DOR"ANDS=2ANDP(17)=IVTHENP(9)=0:P(8)=S:GOTO398
565 PRINT"[S>J]EG HAR IKKE RIKTIG NOKKEL.":GOTO100
570 IFV$<>"KLA"THEN600
575 IF(S<>8ANDS<>11)ORP(1)=0THENPRINT"[S>D]ET GAAR IKKE AN AA KLATRE HER!":GOTO100
580 IFS=8THENS=11:GOTO398
590 IFS=11THENS=8:GOTO398
600 REM RESTEN KOMMER HER
2100 GETZ$:IFZ$=""THEN2100
2110 RETURN
2120 PRINT:PRINT:PRINT"[16SPC][LBR][S>J]/[S>N][RBR]"
2125 GETZ$:IFZ$<>"N"ANDZ$<>"J"THEN2125
2130 RETURN
3000 IFFL(S)=0THENGOSUB2305:FL(S)=1
3010 IFS=20ANDP(41)=0THENPRINT"[S>A]LARMEN GAAR MED ET FORFERDELIG LEVEN.":GOTO5000
3020 IFP(12)<>0THENP(12)=S
3099 RETURN
4300 IFP(28)=IVTHENP(28)=S:TE=TE-1
4305 IFS=17THENS=30:RETURN
4310 R$(29)="S"+RIGHT$(STR$(S),LEN(STR$(S))-1):S=29:RETURN
4320 IFP(42)<>17THENPRINT"[S>D]U FALLER NEDOVER SJAKTA MED BULDER OG[2SPC]BRAK."
4325 IFP(42)<>17THEN5000
4330 S=18:RETURN
5000 PRINT"[S>T]ROLLET VAAKNER AV BRAAKET, OG KOMMER[3SPC]STORMENDE INN I ROMMET."
5010 PRINT"[S>H]AN FAAR OYE PAA DEG, OG UTEN AA NOLE,[2SPC]SLUKER HAN DEG I ET JAFS."
5020 PRINT:PRINTTAB(10)" [S>A][S>D][S>V][S>E][S>N][S>T][S>U][S>R][S>E] [S>O][S>V][S>E][S>R] ":PRINT:PRINT"[S>S]KAL DU PROVE IGJEN?"
5030 GOSUB2120:IFZ$="J"THENRUN
5040 END
