600 IFV$<>"LES"THEN650
610 IFS$<>"BLA"ANDS$<>"VEG"ANDS$<>"STE"ANDS$<>"SKI"ANDS$<>"SKJ"THEN649
620 IFS$="BLA"ANDP(26)=IVTHEN4000
625 IFS$="SKI"ANDS=9THENPRINT:PRINT"[S>D]ET STAAR '[S>M][S>A][S>T] [S>I][2S>K][S>E] [S>K][S>J][S>E][2S>R][S>I][S>N][S>G][S>A]!'":GOTO100
630 IF(S$="VEG"ORS$="STE")ANDS=5THEN4100
635 IFS$="SKJ"ANDS=14THENPRINT:PRINT"[S>I]NPUT CODE!":GOTO100
640 GOTO2140
649 PRINT"[S>D]ET KAN JEG IKKE LESE!":GOTO100
650 IFV$="LOG"THENGOSUB4250:GOTO100
660 IFV$<>"GI"THEN700
665 IFS=10THEN675
670 PRINT"[S>D]ET ER INGEN HER SOM VIL HA NOE FRA DEG.":GOTO100
675 IFS$="MAT"ANDP(33)=IVTHENP(33)=0:TE=TE-1:GOTO4200
680 PRINT"[S>D]EN GAMLE KJERRINGA SER BARE OLMT PAA DEG.":GOTO100
700 IFV$<>"SI"THEN750
710 IFS$<>"SES"THEN739
720 IFS=5ANDP(4)=0THENP(4)=5:P(3)=0:R$(5)="N12S07006V08":GOTO740
739 PRINT"BLA. BLA. BLA.":GOTO100
740 PRINT"[S>D]U HORER ET OREDOVENDE BRAK, OG SER AT"
742 PRINT"FJELLVEGGEN REVNER FORAN DEG.":GOTO100
750 IFV$<>"DIR"THEN800
760 IFP(18)<>IVTHENPRINT"[S>J]EG TRENGER NOE AA DIRKE MED!":GOTO100
770 IFS=25THENP(2)=S:P(13)=0:GOTO398
780 GOTO265
800 IFV$<>"HOG"THEN850
810 IF P(31)<>IVTHENPRINT"[S>J]EG TRENGER NOE AA HOGGE MED!":GOTO100
820 IFP(1)=SANDS$="TRE"THEN840
830 PRINT"[S>J]EG HOGGER IKKE NED HVASOMHELST!":GOTO100
840 P(1)=0:P(37)=S:PRINT"[S>T]REET GAAR I BAKKEN MED ET BRAK.":GOTO100
850 IFV$<>"KLI"THEN900
860 IFP(39)<>IVTHENPRINT"[S>J]EG TRENGER NOE AA KLIPPE MED!":GOTO100
865 IFS$="LED"ANDS=16THENP(40)=0:P(41)=16:GOTO398
870 GOTO265
900 IFV$<>"BIN"THEN950
910 IFP(30)<>IVTHENPRINT"[S>J]EG TRENGER ET TAU!":GOTO100
920 IFS=30THENP(30)=0:P(42)=17:TE=TE-1:GOTO398
930 PRINT"[S>J]EG FAAR IKKE BUNDET TAUET HER!":GOTO100
950 IFV$<>"FIL"THEN1000
960 IFP(27)<>IVTHENPRINT"[S>J]EG TRENGER NOE AA FILE MED!":GOTO100
970 IFS$="KJE"ANDP(11)=STHENP(11)=0:P(12)=S:GOSUB2305:GOTO100
980 PRINT"[S>D]ET ER UMULIG!":GOTO100
1000 IFV$<>"FLY"THEN1050
1010 IFS$<>"STE"ORS<>22THEN1030
1020 IFP(19)<>IVTHEN265
1025 P(43)=S:GOTO398
1050 IFV$<>"KRY"THEN1100
1060 IFS$<>"ELV"ORS<>24THEN1090
1070 IFP(25)=IVORP(25)=STHEN6000
1080 PRINT"[S>D]U ER SPRO. [S>S]TROMMEN VILLE TATT LIVET[3SPC]AV DEG MED EN GANG.":GOTO100
1090 PRINT"[S>I]KKE TULL!":GOTO100
1100 IFV$<>"SLU"THEN1110
1102 PRINT:PRINT"[S>S]KAL DU VIRKELIG SLUTTE AA SPILLE?":GOSUB2120
1105 IFZ$="J"THENEND
1108 PRINT"[S>F]ORSIKTIGERE NESTE GANG!":GOTO100
1110 IFV$<>"SPI"THEN1120
1112 IFS$<>"MAT"THEN1115
1113 IFP(33)=IVTHENTE=TE-1:P(33)=0:GOTO398
1114 IFP(33)=STHENP(33)=0:GOTO398
1115 PRINT"[S>B]JON [S>A]PPETITTE!":GOTO100
1120 IFV$="SAV"THENGOSUB2500:GOTO100
1130 IFV$="LOA"THENGOSUB2600:GOTO100
1140 IFV$="HJE"THENPRINT"[S>U]NDERSOK ALT NOYE!":GOTO100
2070 PRINT:PRINT:PRINT"ONSKER DU AA HENTE INN ET SAVET SPILL ?"
2080 GOSUB2120:IFZ$="N"THENPRINT:PRINT:RETURN
2090 GOSUB2600:RETURN
2500 GOSUB2700:E=1:FI$="ADV-FIL":IFZ$="D"THENFI$="@:"+FI$+",S,W":E=2
2510 OPEN1,D,E,FI$:PRINT#1,TE,CR$,R$(5),CR$,R$(29),CR$,S,CR$
2520 FORI=1TOAG:PRINT#1,P(I):NEXT:FORI=1TOAS:PRINT#1,FL(I):NEXT:CLOSE1:RETURN
2600 GOSUB2700:FI$="ADV-FIL":E=0:IFZ$="D"THENE=2:FI$=FI$+",S,R"
2610 OPEN1,D,E,FI$:INPUT#1,TE,R$(5),R$(29),S
2620 FORI=1TOAG:INPUT#1,P(I):NEXT:FORI=1TOAS:INPUT#1,FL(I):NEXT:CLOSE1:RETURN
2700 PRINT:PRINT"[S>D]ISK ELLER [S>K]ASETT?":PRINT
2710 GETZ$:IFZ$<>"D"ANDZ$<>"K"THEN2710
2720 D=1:IFZ$="D"THEND=8
2730 RETURN
4000 PRINT:PRINT"[S>M][S>I][S>K][S>R][S>O][S>D][S>A][S>T][S>A][4SPC]8/7 1984.":PRINT:PRINT"[S>S]ENSASJONELL AVSLORING."
4010 PRINT"[S>Q]UANTUM BETYR DEN MINSTE MAALBARE ENHET.";
4020 PRINT"[S>R]YKTENE VIL HA DET TIL AT [S>S]INCLAIR [S>Q][S>L][3SPC]LEVER OPP TIL NAVNET, OG ";
4030 PRINT"KOMMER MED":PRINT"TASTATUR."
4040 PRINT:PRINT"[S>T]IPS FOR AA KJORE EN DATABASE:":PRINT:PRINT"[S>L]OGIN.":GOTO100
4100 PRINT:PRINT"[11SPC][S>D][S>O][S>V][S>R][S>E][S>G][S>U][2S>B][S>E][S>N][S>S] [S>H][S>A][2S>L]":PRINT
4110 PRINT"[S>U]VEDKOMMENDE INGEN ADGANG!":PRINT"[S>D]AG OG NATT VAAKER JEG OVER ";
4115 PRINT" PRINSESSEN[2SPC]OG SKATTEN, OG JEG ER ALLTID PAA VAKT."
4117 PRINT:PRINT"[21SPC][S>H][S>I][S>L][S>S][S>E][S>N] [S>T][S>R][S>O][2S>L][S>E][S>T]":PRINT:PRINT
4120 PRINTTAB(15)"[S>N].[S>B].":PRINT
4130 PRINT"[5SPC][S>P]ARKER IKKE FORAN PORTEN!":PRINT:GOTO100
4200 PRINT"[S>D]EN GAMLE KJERRINGA GLEFSER I SEG[7SPC]MATPAKKA DI, OG ETTER ET";
4210 PRINT" LANGT RAP, SNURHUN SEG MOT DEG OG SIER:":PRINT:PRINT"[S>F]ORDI DU VAR";
4220 PRINT" SLIK EIN VEN OG GOD GUT[4SPC]SKAL EG GI DEG TO GODE RAAD.":PRINT"[S>E]G";
4230 PRINT" VEIT DU ER ETTER PRINSESSA, OG FOR[3SPC]AA KOMA INN HJAA TROLLET,";
4235 PRINT" LYT DU SEIA[3SPC]"CHR$(34)"SESAM"CHR$(34)" ATMED DORA HASS.":PRINT
4236 PRINT"[S>R]UKKELISPRETTEN VINN I FJERDE [S>V]6-LOP PAA[S>J]ARLSBERG'":GOTO100
4250 IFP(22)=SANDP(36)=SANDS=P(23)THEN4270
4260 PRINT"[S>U]TSTYRET ER UFULLSTENDIG. [S>K]ONTAKT MED[3SPC]DATABASEN IKKE OPPNAADD."
4265 RETURN
4270 IFP(38)<>IVANDS<>P(38)THENPRINT"[S>D]ET ER FOR MORKT TIL AA SE NOE HER.":RETURN
4271 PRINTTAB(10);"[S>D][S>A][S>T][S>A][S>B][S>A][S>S][S>E] [S>F][S>O][S>R] [S>T][S>R][S>O][2S>L]"
4280 PRINT:PRINT"[S>A][S>S][S>K][S>E][S>L][S>A][2S>D][S>E][S>N].":PRINT"[S>U]BEHAGELIG TYPE, SOM TILBRINGER"
4281 PRINT"MESTEPARTEN AV TIDEN MED AA RAPPE[7SPC]PRINSESSER FRA SNILLE TROLL."
4282 PRINT:PRINT"[S>P][S>R][S>I][S>N][S>S][S>E][2S>S][S>E][S>N].":PRINT"[S>P]ERSON HVIS ENESTE EKSISTENSBERETTIGELSE";
4283 PRINT"ER AA BLI TATT TIL FANGE AV TROLL."
4284 PRINT"([S>M]AA GUDENE VITE HVORFOR!!!)"
4286 PRINT:PRINT"[S>T][S>R][S>O][2S>L][S>E][S>T].":PRINT"[S>M]ISFORSTAATT INDIVID FRA NORSKE"
4287 PRINT"FOLKEEVENTYR."
4289 PRINT:PRINT"[S>A][S>L][S>A][S>R][S>M][S>E][S>N].":PRINT"[S>N]YTTIG HJELPEMIDDEL FOR AA HINDRE TYVERI";
4291 PRINT"AV PRINSESSER OG SKATTER."
4293 RETURN
6000 PRINT"[S>D]U LEGGER GREINA OVER ELVA, OG LOPER[4SPC]ELEGANT OVER SAMMEN MED";
6010 PRINT" PRINSESSEN. [S>D]A[2SPC]KONGEN FAAR HORE OM DETTE, GIR HAN DEG[2SPC]BAADE";
6020 PRINT" PRINSESSA OG KONGERIKET, OG DU[4SPC]LEVER LYKKELIG VIDERE I ";
6030 PRINT"[S>A]DVENTURELAND[3SPC]RESTEN AV DIN LEVETID.":PRINT
6040 PRINT"[S>D]ETTE ADVENTURSPILLET ER OVER,MEN DET ERUBEGRENSEDE MULIGHETER TIL";
6050 PRINT" AA LAGE FLERE":PRINTTAB(12)"[S>S]ETT IGANG!":PRINT:GOTO5020
