
                            * * N Y H E T * *  
                          *   E V E N T Y R   * 
                         N ]  P ]  N O R S K !!!
  I hovedrollene: DVERGER,  DRAGER,  TROLL, til og med en PRINSESSE.    
Hvis du liker } l|se g}ter og problemer, vil du elske dette spillet, men
tenk litt p} at du krever en hel del av denne stakkars overarbeidede    
datamaskinen,  og dermed sinker den en hel del. 
                 LYKKE TIL !!!     (Det trenger du!)  
Velkommen til Skattejakt!!  \nsker du } se reglene?   

USER BREAK AT   53031B
@