+--------------------------------------------------------------------------------+ 2,25
|Welcome to quest!                                                               |
|                                                                                |
|What are your initials :                                                        |
+--------------------------------------------------------------------------------+
+--------------------------------------------------------------------------------+ 3,14
|Welcome to quest!                                                               |
|                                                                                |
|What are your initials : GS                                                     |
|Player name ?                                                                   |
+--------------------------------------------------------------------------------+
+--------------------------------------------------------------------------------+ 4,11
|Welcome to quest!                                                               |
|                                                                                |
|What are your initials : GS                                                     |
|Player name ? GERHARD                                                           |
|Password ?                                                                      |
+--------------------------------------------------------------------------------+
+--------------------------------------------------------------------------------+ 5,37
|Welcome to quest!                                                               |
|                                                                                |
|What are your initials : GS                                                     |
|Player name ? GERHARD                                                           |
|That USERNAME/PASSWORD does not exist                                           |
|Do you wish to create this character?                                           |
+--------------------------------------------------------------------------------+
+--------------------------------------------------------------------------------+ 3,29
|To prove your heroism, your first quest is to                                   |
|slay a dragon. The dragon may be of any dragon variety                          |
|                                                                                |
|Hit any character to continue                                                   |
+--------------------------------------------------------------------------------+
+--------------------------------------------------------------------------------+ 19,0
|  ______________________      INVENTORY           Strength 20                   |
| |                      |     Food rations        Thy purse is empty            |
| |        :             |     Food rations        Experience level 5            |
| |        : /  \        |     Water skin          Intelligence level 10         |
| |        :             |                         Vision 4, Perception 1        |
| |        : GSff  """"  |                         Quest level 1                 |
| |        :   ff  "     |                         You have no castles yet       |
| |        :   ff  "     |                         You havn't slain a dragon yet |
| |        :   ff  "     |                         Rings:                        |
| |                      |                                                       |
|  ----------------------                                                        |
|    Arcolius                                                                    |
|    City of Xenobia                                                             |
|                                                  Wind from North - Rainy       |
|                                                                                |
|                                                                                |
|                                                                                |
|What would you like your character to be                                        |
|'W' = wizard, 'C' = cleric, 'D' = druid, 'F' = fighter 'B' = barbarian          |
+--------------------------------------------------------------------------------+
+--------------------------------------------------------------------------------+ 14,3
|  ______________________      INVENTORY           Strength 20                   |
| |                      |     Food rations        Thy purse is empty            |
| |        :             |     Food rations        Experience level 5            |
| |        : /  \        |     Water skin          Intelligence level 10         |
| |        :             |                         Vision 4, Perception 1        |
| |        : GSff  """"  |                         Quest level 1                 |
| |        :   ff  "     |                         You have no castles yet       |
| |        :   ff  "     |                         You havn't slain a dragon yet |
| |        :   ff  "     |                         Rings:                        |
| |                      |                                                       |
|  ----------------------                                                        |
|    Arcolius                                                                    |
|    City of Xenobia                                                             |
|                                                  Wind from North - Rainy       |
|->                                                                              |
+--------------------------------------------------------------------------------+
+--------------------------------------------------------------------------------+ 14,3
|  ______________________      INVENTORY           Strength 20                   |
| |                      |     Food rations        Thy purse is empty            |
| |        :             |     Food rations        Experience level 5            |
| |        : /  \        |     Water skin          Intelligence level 10         |
| |        :             |                         Vision 4, Perception 1        |
| |        : GSff  """"  |                         Quest level 1                 |
| |        :   ff  "     |                         You have no castles yet       |
| |        :   ff  "     |                         You havn't slain a dragon yet |
| |        :   ff  "     |                         Rings:                        |
| |                      |                                                       |
|  ----------------------                                                        |
|    Arcolius                                                                    |
|    City of Xenobia                                                             |
|                                                  Wind from North - Rainy       |
|-> Invalid command                                                              |
+--------------------------------------------------------------------------------+
+--------------------------------------------------------------------------------+ 14,3
|  ______________________      INVENTORY           Strength 20                   |
| |                      |     Food rations        Thy purse is empty            |
| |        :             |     Food rations        Experience level 5            |
| |        : /  \        |     Water skin          Intelligence level 10         |
| |        :             |                         Vision 4, Perception 1        |
| |        : GSff  """"  |                         Quest level 1                 |
| |        :   ff  "     |                         You have no castles yet       |
| |        :   ff  "     |                         You havn't slain a dragon yet |
| |        :   ff  "     |                         Rings:                        |
| |                      |                                                       |
|  ----------------------                                                        |
|    Arcolius                                                                    |
|    City of Xenobia                                                             |
|                                                  Wind from North - Rainy       |
|-> Invalid command                                                              |
+--------------------------------------------------------------------------------+
