     0   205 TXTCOM   RTEXT
   205  9650 TXTCOM   LINES
  9855     1 BLKCOM   BLKLIN
  9856   300 VOCCOM   KTAB
 10156   300 VOCCOM   ATAB
 10456     1 VOCCOM   TABSIZ
 10457   150 PLACOM   ATLOC
 10607   200 PLACOM   LINK
 10807   100 PLACOM   PLACE
 10907   100 PLACOM   FIXED
 11007     1 PLACOM   HOLDNG
 11008    35 MTXCOM   MTEXT
 11043   100 PTXCOM   PTEXT
 11143   150 ABBCOM   ABB
 11293     1 WIZCOM   WKDAY
 11294     1 WIZCOM   WKEND
 11295     1 WIZCOM   HOLID
 11296     1 WIZCOM   HBEGIN
 11297     1 WIZCOM   HEND
 11298     4 WIZCOM   HNAME
 11302     1 WIZCOM   SHORT
 11303     1 WIZCOM   MAGIC
 11304     1 WIZCOM   MAGNM
 11305     1 WIZCOM   LATNCY
 11306     1 WIZCOM   SAVED
 11307     1 WIZCOM   SAVET
 11308     1 WIZCOM   SETUP
 11309   100 MOTCOM   MSG
 11409     1 RANCOM   R
 11410     6 ADVSTA   DSEEN
 11416    20 ADVSTA   HINTED
 11436   750 ADVSTA   TRAVEL
 12186   150 ADVSTA   LTEXT
 12336   150 ADVSTA   STEXT
 12486   150 ADVSTA   KEY
 12636   150 ADVSTA   COND
 12786   100 ADVSTA   PLAC
 12886   100 ADVSTA   FIXD
 12986   100 ADVSTA   PROP
 13086    35 ADVSTA   ACTSPK
 13121    12 ADVSTA   CTEXT
 13133    12 ADVSTA   CVAL
 13145    20 ADVSTA   HINTLC
 13165    80 ADVSTA   HINTS
 13245    20 ADVSTA   TK
 13265     6 ADVSTA   DLOC
 13271     6 ADVSTA   ODLOC
 13277     1 ADVSTA   IDONDX
 13278     1 ADVSTA   WZDARK
 13279     1 ADVSTA   LMWARN
 13280     1 ADVSTA   CLOSNG
 13281     1 ADVSTA   PANIC
 13282     1 ADVSTA   CLOSED
 13283     1 ADVSTA   GAVEUP
 13284     1 ADVSTA   SCORNG
 13285     1 ADVSTA   DEMO
 13286     1 ADVSTA   YEA
 13287     1 ADVSTA   LINSIZ
 13288     1 ADVSTA   TRVSIZ
 13289     1 ADVSTA   LOCSIZ
 13290     1 ADVSTA   VRBSIZ
 13291     1 ADVSTA   RTXSIZ
 13292     1 ADVSTA   CLSMAX
 13293     1 ADVSTA   HNTSIZ
 13294     1 ADVSTA   MAGSIZ
 13295     1 ADVSTA   I
 13296     1 ADVSTA   LINUSE
 13297     1 ADVSTA   TRVS
 13298     1 ADVSTA   CLSSES
 13299     1 ADVSTA   SECT
 13300     1 ADVSTA   OLDLOC
 13301     1 ADVSTA   LOC
 13302     1 ADVSTA   J
 13303     1 ADVSTA   KK
 13304     1 ADVSTA   K
 13305     1 ADVSTA   NEWLOC
 13306     1 ADVSTA   L
 13307     1 ADVSTA   TABNDX
 13308     1 ADVSTA   OBJ
 13309     1 ADVSTA   VERB
 13310     1 ADVSTA   HNTMAX
 13311     1 ADVSTA   MAXTRS
 13312     1 ADVSTA   TALLY
 13313     1 ADVSTA   TALLY2
 13314     1 ADVSTA   KEYS
 13315     1 ADVSTA   LAMP
 13316     1 ADVSTA   GRATE
 13317     1 ADVSTA   CAGE
 13318     1 ADVSTA   ROD
 13319     1 ADVSTA   ROD2
 13320     1 ADVSTA   STEPS
 13321     1 ADVSTA   BIRD
 13322     1 ADVSTA   DOOR
 13323     1 ADVSTA   PILLOW
 13324     1 ADVSTA   SNAKE
 13325     1 ADVSTA   FISSUR
 13326     1 ADVSTA   TABLET
 13327     1 ADVSTA   CLAM
 13328     1 ADVSTA   OYSTER
 13329     1 ADVSTA   MAGZIN
 13330     1 ADVSTA   DWARF
 13331     1 ADVSTA   KNIFE
 13332     1 ADVSTA   FOOD
 13333     1 ADVSTA   BOTTLE
 13334     1 ADVSTA   WATER
 13335     1 ADVSTA   OIL
 13336     1 ADVSTA   PLANT
 13337     1 ADVSTA   PLANT2
 13338     1 ADVSTA   AXE
 13339     1 ADVSTA   MIRROR
 13340     1 ADVSTA   DRAGON
 13341     1 ADVSTA   CHASM
 13342     1 ADVSTA   TROLL
 13343     1 ADVSTA   TROLL2
 13344     1 ADVSTA   BEAR
 13345     1 ADVSTA   MESSAG
 13346     1 ADVSTA   VEND
 13347     1 ADVSTA   BATTER
 13348     1 ADVSTA   NUGGET
 13349     1 ADVSTA   COINS
 13350     1 ADVSTA   CHEST
 13351     1 ADVSTA   EGGS
 13352     1 ADVSTA   TRIDNT
 13353     1 ADVSTA   VASE
 13354     1 ADVSTA   EMRALD
 13355     1 ADVSTA   PYRAM
 13356     1 ADVSTA   PEARL
 13357     1 ADVSTA   RUG
 13358     1 ADVSTA   CHAIN
 13359     1 ADVSTA   BACK
 13360     1 ADVSTA   LOOK
 13361     1 ADVSTA   CAVE
 13362     1 ADVSTA   NULL
 13363     1 ADVSTA   ENTRNC
 13364     1 ADVSTA   DPRSSN
 13365     1 ADVSTA   SAY
 13366     1 ADVSTA   LOCK
 13367     1 ADVSTA   THROW
 13368     1 ADVSTA   FIND
 13369     1 ADVSTA   INVENT
 13370     1 ADVSTA   CHLOC
 13371     1 ADVSTA   CHLOC2
 13372     1 ADVSTA   DFLAG
 13373     1 ADVSTA   DALTLC
 13374     1 ADVSTA   TURNS
 13375     1 ADVSTA   IWEST
 13376     1 ADVSTA   KNFLOC
 13377     1 ADVSTA   DETAIL
 13378     1 ADVSTA   ABBNUM
 13379     1 ADVSTA   MAXDIE
 13380     1 ADVSTA   NUMDIE
 13381     1 ADVSTA   DKILL
 13382     1 ADVSTA   FOOBAR
 13383     1 ADVSTA   BONUS
 13384     1 ADVSTA   CLOCK1
 13385     1 ADVSTA   CLOCK2
 13386     1 ADVSTA   LIMIT
 13387     1 ADVSTA   DTOTAL
 13388     1 ADVSTA   ATTACK
 13389     1 ADVSTA   STICK
 13390     1 ADVSTA   OLDLC2
 13391     1 ADVSTA   SPK
 13392     1 ADVSTA   HINT
 13393     1 ADVSTA   WD1
 13394     1 ADVSTA   WD1X
 13395     1 ADVSTA   WD2
 13396     1 ADVSTA   WD2X
 13397     1 ADVSTA   KQ
 13398     1 ADVSTA   LL
 13399     1 ADVSTA   SPICES
 13400     1 ADVSTA   K2
 13401     1 ADVSTA   SCORE
 13402     1 ADVSTA   MXSCOR
 13403     1 ADVSTA   FOO
