
                            * * N Y H E T * *  
                          *   E V E N T Y R   * 
                         N ]  P ]  N O R S K !!!
  I hovedrollene: DVERGER,  DRAGER,  TROLL, til og med en PRINSESSE.    
Hvis du liker } l|se g}ter og problemer, vil du elske dette spillet, men
tenk litt p} at du krever en hel del av denne stakkars overarbeidede    
datamaskinen,  og dermed sinker den en hel del. 
                 LYKKE TIL !!!     (Det trenger du!)  
Velkommen til Skattejakt!!  \nsker du } se reglene?   
NEI
Du st}r ved enden av en vei foran et lite hus bygget i r|d mursten.     
Rundt deg er det skog. En liten bekk renner ut av huset og ned en kl|ft.
INN
Du er inne i huset, der du finner en br|nn som det renner en bekk ut av.
Det er noen n|kler her. 
Det er en skinnende lampe av messing i n{rheten.
Det er niste her. 
Det er en liten flaske med vann her.
TA N\KLER
OK    
TA LYKT
OK    
UT
Du er ved enden av veien.     
S
Du er i en dal i skogen ved siden av en bekk som tumler nedover et
stenete bekkefar. 
S
Alt vannet forsvinner i en 5cm sprekk i fjellet like ved bena dine.     
Lenger nede er bekkefaret bare sten.
S
Du er i et 5 meter dypt s|kk hvor grunnen er dekket med gj|rme.   
I gj|rmen er det en solid jernrist murt fast i betong. Et utt|rket
bekkefar f|rer ned i s|kket.  
Jernristen er l}st.     
]PNE JERNRIST
Jernristen er }pen n}.  
NED
Du er i et lite rom under jernristen.     
En lav korridor dekket med rullesten f|rer mot vest.  
Jernristen er }pen.     
V
Du krabber frem over rullesten i en lav korridor. Det er svakt lys i den
|stre enden.
Et lite flettet fuglebur ligger gjenglemt her.  
TA KURV
OK    
V
Det er bekm|rkt her. Fortsetter du vil du trolig falle i en sjakt.
TENN
Lykten er p}.     
Du er i et rom fylt med s|ppel som er skylt inn fra overflaten.   
En lav, vid korridor blir blokkert av gj|rme og s|ppel, men en vanskelig
kl|ft f|rer oppover mot vest. En beskjed p} veggen sier     
"Magisk ord :  XYZZY ". 
En meter lang sort stav med en rusten stjerne i enden ligger her. 
TA STAV
OK    
V
Du er i en vanskelig, bratt kl|ft som g}r |st/vest.   
V
Du er i et imponerende rom hvor veggene er istapper av orange sten
som g}r helt til taket 10 m over gulvet. Mot |st er det en vanskelig,   
bratt kl|ft og mot vest en god passasje.  
En nydelig liten fugl sitter her og synger.     
TA FUGL
Fuglen var rolig da du kom, men da ble den skremt og umulig } fange.    
SLIPP STAV
OK    
TA FUGL
OK    
V
Ved bena dine str|mmer det opp hvit t}ke fra en smal sjakt. En passasje 
fra |st stopper her i en smal sprekk.     
Grove stentrinn f|rer ned i sjakten.
NED
Du er i enden av t}kehallen. Den strekker seg fremover ut av syne mot   
vest.  Det er }pninger til begge sider.  Like i n{rheten f|rer en sten- 
trapp nedover.  Hallen er fylt med skyer av tett t}ke som b|lger frem   
og tilbake i trekken som den var levende. En kald vind bl}ser opp 
trappen. Det er en passasje p} toppen av en haug bak deg.   
Grove stentrinn f|rer opp p} haugen.
J
Jeg vet ikke hva det ordet betyr.   
FEE
OK    
PLUGH
Ingen ting skjer. 
Du er i t}kehallen.     
Grove stentrinn f|rer opp p} haugen.
TREFOR
jeg kan ikke se noen TREFOR her. 
KJEDE
jeg kan ikke se noen KJEDE her. 
VENSTR
Dette er et lavt rom med en utydelig beskjed p} veggen som sier:  
"Du f}r den ikke med deg opp!"
Det er en stor glitrende gullklump her!   
FYLL JUVELE
jeg kan ikke se noen JUVELE her. 
LAVERE
Det er ikke mulig } g} i den retningen.   
Du er i gullklump-rommet.     
Det er en stor glitrende gullklump her!   
TIDER EGG
jeg kan ikke se noen EGG her. 
BORD
jeg kan ikke se noen BORD her. 
TRE
Skogen best}r av store eketr{r, noen digre l|nnetr{r skygger for  
lyset.  Her er ogs} en og annen bj|rk og lind. Underskogen er ganske    
tett, og enkelte plasser er det tett kratt. Derfor er utsikten begrenset
p} denne tiden av }ret.  Tross dette g}r det raskt } komme seg frem bare
du ikke stopper opp i b{rbuskene.   
TRE
Skogen best}r av store eketr{r, noen digre l|nnetr{r skygger for  
lyset.  Her er ogs} en og annen bj|rk og lind. Underskogen er ganske    
tett, og enkelte plasser er det tett kratt. Derfor er utsikten begrenset
p} denne tiden av }ret.  Tross dette g}r det raskt } komme seg frem bare
du ikke stopper opp i b{rbuskene.   
SKOG
Jeg vet ikke hvordan jeg skal bruke det ordet her.    
Du er i gullklump-rommet.     
Det er en stor glitrende gullklump her!   
DRAGEN
jeg kan ikke se noen DRAGEN her. 
DREP LYSEST
jeg kan ikke se noen LYSEST her. 
UTSIKT
Jeg vet ikke hvordan jeg skal bruke det ordet her.    
Du er i gullklump-rommet.     
Det er en stor glitrende gullklump her!   
VIFT KNIV
jeg kan ikke se noen KNIV her. 
NV
Det er ikke mulig } g} i den retningen.   
Du er i gullklump-rommet.     
Det er en stor glitrende gullklump her!   
V
Det er ikke mulig } g} i den retningen.   
Dette er et lavt rom med en utydelig beskjed p} veggen som sier:  
"Du f}r den ikke med deg opp!"
Det er en stor glitrende gullklump her!   
FINN JUVELE
Jeg kan bare fortelle deg hva du ser n}r du flytter deg og bruker 
ting.  Jeg kan ikke fortelle deg hvor ting du ikke ser er.  
FLYTT AUTOMA
jeg kan ikke se noen AUTOMA her. 
KNUS DREGG
jeg kan ikke se noen DREGG her. 
SV\M
Jeg vet ikke hvordan.   
XYZZY
Ingen ting skjer. 
Du er i gullklump-rommet.     
Det er en stor glitrende gullklump her!   
BAK
Jeg vet ikke hvordan jeg skal bruke det ordet her.    
Du er i gullklump-rommet.     
Det er en stor glitrende gullklump her!   
INNGAN
Jeg vet ikke hvordan jeg skal bruke det ordet her.    
Du er i gullklump-rommet.     
Det er en stor glitrende gullklump her!   
GNI DIAMAN
jeg kan ikke se noen DIAMAN her. 
KAST VANN
jeg kan ikke se noen VANN her. 
TRE
Skogen best}r av store eketr{r, noen digre l|nnetr{r skygger for  
lyset.  Her er ogs} en og annen bj|rk og lind. Underskogen er ganske    
tett, og enkelte plasser er det tett kratt. Derfor er utsikten begrenset
p} denne tiden av }ret.  Tross dette g}r det raskt } komme seg frem bare
du ikke stopper opp i b{rbuskene.   
TIDER PIRAT
jeg kan ikke se noen PIRAT her. 
GNI HARPE
jeg kan ikke se noen HARPE her. 
HOKUS
Godt fors|k, men det er et gammelt, utslitt trylleord.
INNHOL EGG
Jeg kan bare fortelle deg hva du ser n}r du flytter deg og bruker 
ting.  Jeg kan ikke fortelle deg hvor ting du ikke ser er.  
KORT KNIV
jeg kan ikke se noen KNIV her. 
INFO
Hvis du |nsker } avlutte skattejakten tidlig, si "SLUTT". For } spare   
p} spillet for } fortsette senere, si "UTSETT" (eller "PAUSE" eller     
"SPAR").  For } se de tidene hulen normalt er }pen, si "]PENT". For }   
se hvor godt du har gjort det hittil, si "POENG".  For } f} full uttel- 
ling for de skattene du har funnet, m} du bringe skattene i sikkerhet   
inn i huset, skj|nt du f}r delvis uttelling for bare } ha funnet  
dem. Du f}r fradrag i poengsummen for } bli drept og for } avslutte     
tidlig, st|rst fradrag for det f|rste. Poengsummen avhenger ogs} av     
Hvor stor del av hulen (om noen) du har greid } utforske, spesielt er   
det en stor bonus for } ha kommet inn i hulen (for } skille nybegynnere 
fra resten av pakket), og det er andre m}ter } f} greie p} om du har    
v{rt gjennom noen av de mer vanskelige stedene. Hvis du tror du har fun-
net alle skattene, fortsett letingen litt til. Hvis det ikke skjer noe  
har du enn} ikke funnet alle skattene. Hvis noe interessant *virkelig*  
skjer, betyr det at du f}r bonus og har sjansen til } score enda mange  
flere poeng i mesternes del. Jeg kan gi deg noen hint en gang i blant   
hvis du ser ut til } ha kommet opp i vanskeligheter. Hvis jeg gj|r det, 
vil jeg advare deg p} forh}nd om hvor mange poeng dette vil koste deg.  
Til slutt, for } spare deg for un|dig utskrift, du kan si "KORT", 
hvilket gj|r at du bare f}r full beskrivelse av stedene du er p} n}r du 
ber om det spesielt.    
BEGER
jeg kan ikke se noen BEGER her. 
FUM
Ingen ting skjer. 
KAST SPEIL
jeg kan ikke se noen SPEIL her. 
U
Jeg vet ikke hva det ordet betyr.   
FINN DIAMAN
Jeg kan bare fortelle deg hva du ser n}r du flytter deg og bruker 
ting.  Jeg kan ikke fortelle deg hvor ting du ikke ser er.  
DRIKK SPEIL
jeg kan ikke se noen SPEIL her. 
KAST BORD
jeg kan ikke se noen BORD her. 
UT
Du er i t}kehallen.     
Grove stentrinn f|rer opp p} haugen.
DREP EGG
jeg kan ikke se noen EGG her. 
SJAKT
Du er ved toppen av sjakten.  
Grove stentrinn f|rer ned i sjakten.
J
Jeg vet ikke hva det ordet betyr.   
SNU
Du er i t}kehallen.     
Grove stentrinn f|rer opp p} haugen.
HALL
Du er p} |stsiden av en sprekk som deler hallen p} tvers.  T}ken er     
sv{rt tykk her, og sprekken er for bred til at du kan hoppe over. 
]PNE VASE
jeg kan ikke se noen VASE her. 
BUKK VANN
jeg kan ikke se noen VANN her. 
KUPPEL
Jeg vet ikke hvordan jeg skal bruke det ordet her.    
Du er p} |stsiden av sprekken.
FEE
OK    
SKOG
Jeg vet ikke hvordan jeg skal bruke det ordet her.    
En liten dverg kom nettopp rundt et hj|rne, s} deg, kastet en liten |ks 
mot deg men bommet, snudde, og sprang sin vei.  
Du er p} |stsiden av sprekken.
Det er en liten |ks her.
PLUGH
Ingen ting skjer. 
Det er en skummel liten dverg i samme rom som deg!    
Du er p} |stsiden av sprekken.
Det er en liten |ks her.
NEDOVE
Jeg vet ikke hvordan jeg skal bruke det ordet her.    
Det er en skummel liten dverg i samme rom som deg!    
En skarp stygg kniv blir kastet mot deg!  
Den bommer! 
Du er p} |stsiden av sprekken.
Det er en liten |ks her.
TRAPP
Jeg vet ikke hvordan jeg skal bruke det ordet her.    
Det er en skummel liten dverg i samme rom som deg!    
En skarp stygg kniv blir kastet mot deg!  
Den bommer! 
Du er p} |stsiden av en sprekk som deler hallen p} tvers.  T}ken er     
sv{rt tykk her, og sprekken er for bred til at du kan hoppe over. 
Det er en liten |ks her.
OPPOVE
Jeg vet ikke hvordan jeg skal bruke det ordet her.    
Det er en skummel liten dverg i samme rom som deg!    
En skarp stygg kniv blir kastet mot deg!  
Den bommer! 
Du er p} |stsiden av sprekken.
Det er en liten |ks her.
OVERFL
Jeg vet ikke hvordan jeg skal bruke det ordet her.    
Det er en skummel liten dverg i samme rom som deg!    
En skarp stygg kniv blir kastet mot deg!  
Den bommer! 
Du er p} |stsiden av sprekken.
Det er en liten |ks her.
TAVLEN
jeg kan ikke se noen TAVLEN her. 
FINN MYNTER
Jeg kan bare fortelle deg hva du ser n}r du flytter deg og bruker 
ting.  Jeg kan ikke fortelle deg hvor ting du ikke ser er.  
FORTSE
Du klarte det ikke.     
] for en ulykke!  Du har for}rsaket din egen d|d.  Jeg kan kanskje klare
} hjelpe deg ut, men jeg har igrunnen ikke gjort dette f|r.  Vil du jeg 
skal pr|ve } gjenf|de deg?    
VIFT SPREKK
Vennligst besvar sp|rsm}let.
J
Som du |nsker, men skyld ikke p} meg om noe g}r ga......    
                    --- POOF!! ---  
Du er innhyllet i en sky av oransje r|yk.  Hostende og harkende kaver   
du deg ut av r|ken, og ser at....   
Du er inne i huset.     
Det er niste her. 
Det er en liten flaske med vann her.
KRYP
Hvilken vei?
Du er inne i huset.     
Det er niste her. 
Det er en liten flaske med vann her.
ORIENT
Jeg vet ikke hvordan jeg skal bruke det ordet her.    
Du er inne i huset.     
Det er niste her. 
Det er en liten flaske med vann her.
BAK
Jeg vet ikke hvordan jeg skal bruke det ordet her.    
Du er inne i huset.     
Det er niste her. 
Det er en liten flaske med vann her.
SPRENG TREFOR
Jeg vet ikke hvordan jeg skal bruke det ordet her.    
Du er inne i huset, der du finner en br|nn som det renner en bekk ut av.
Det er niste her. 
Det er en liten flaske med vann her.
\ST
Det er ikke mulig } g} i den retningen.   
Du er inne i huset.     
Det er niste her. 
Det er en liten flaske med vann her.
BUKK KROK
jeg kan ikke se noen KROK her. 
KAST KNIV
jeg kan ikke se noen KNIV her. 
SV
Det er ikke mulig } g} i den retningen.   
Du er inne i huset.     
Det er niste her. 
Det er en liten flaske med vann her.
LYKT
jeg kan ikke se noen LYKT her. 
OVERFL
Jeg vet ikke hvordan jeg skal bruke det ordet her.    
Du er inne i huset.     
Det er niste her. 
Det er en liten flaske med vann her.
VEKK BJ\RN
jeg kan ikke se noen BJ\RN her. 
DREP SPREKK
Jeg vet ikke hvordan jeg skal bruke det ordet her.    
Du er inne i huset.     
Det er niste her. 
Det er en liten flaske med vann her.
\KS
jeg kan ikke se noen \KS her. 
ALIBAB
Jeg vet ikke hvordan jeg skal bruke det ordet her.    
Du er inne i huset, der du finner en br|nn som det renner en bekk ut av.
Det er niste her. 
Det er en liten flaske med vann her.
LES PERGAM
jeg kan ikke se noen PERGAM her. 
J
Jeg vet ikke hva det ordet betyr.   
TEM JERNRI
jeg kan ikke se noen JERNRI her. 
UTSIKT
Jeg vet ikke hvordan jeg skal bruke det ordet her.    
Du er inne i huset.     
Det er niste her. 
Det er en liten flaske med vann her.
HALL
Jeg vet ikke hvordan jeg skal bruke det ordet her.    
Du er inne i huset.     
Det er niste her. 
Det er en liten flaske med vann her.
LES SCEPTE
jeg kan ikke se noen SCEPTE her. 
OVER
Det er ikke mulig } g} i den retningen.   
Du er inne i huset.     
Det er niste her. 
Det er en liten flaske med vann her.
H\YERE
Jeg vet ikke hvordan jeg skal bruke det ordet her.    
Du er inne i huset.     
Det er niste her. 
Det er en liten flaske med vann her.
HUS
Jeg vet ikke hvordan jeg skal bruke det ordet her.    
Du er inne i huset, der du finner en br|nn som det renner en bekk ut av.
Det er niste her. 
Det er en liten flaske med vann her.
SPRENG PYRAMI
Jeg vet ikke hvordan jeg skal bruke det ordet her.    
Du er inne i huset.     
Det er niste her. 
Det er en liten flaske med vann her.
KISTE
jeg kan ikke se noen KISTE her. 
MARCOP
Jeg vet ikke hvordan jeg skal bruke det ordet her.    
Du er inne i huset.     
Det er niste her. 
Det er en liten flaske med vann her.
VEI
Jeg vet ikke hvordan jeg skal bruke det ordet her.    
Du er inne i huset.     
Det er niste her. 
Det er en liten flaske med vann her.
ROM
Jeg vet ikke hvordan jeg skal bruke det ordet her.    
Du er inne i huset.     
Det er niste her. 
Det er en liten flaske med vann her.
KRYP
Hvilken vei?
Du er inne i huset, der du finner en br|nn som det renner en bekk ut av.
Det er niste her. 
Det er en liten flaske med vann her.
SI MAT
OK, "MAT".    
OPPOVE
Jeg vet ikke hvordan jeg skal bruke det ordet her.    
Du er inne i huset.     
Det er niste her. 
Det er en liten flaske med vann her.
HALL
Jeg vet ikke hvordan jeg skal bruke det ordet her.    
Du er inne i huset.     
Det er niste her. 
Det er en liten flaske med vann her.
NEDOVE
Elven renner inn og ut gjennom et par 30cm kloakkr|r.  Jeg anbefa-
ler at du bruker utgangen.    
Du er inne i huset.     
Det er niste her. 
Det er en liten flaske med vann her.
GNI BATTER
jeg kan ikke se noen BATTER her. 
SE
Beklager, men jeg har ikke lov til } gi deg flere detaljer.  Jeg kan    
gjenta den lange beskrivelsen av der du er.     
Du er inne i huset, der du finner en br|nn som det renner en bekk ut av.
Det er niste her. 
Det er en liten flaske med vann her.
KUPPEL
Jeg vet ikke hvordan jeg skal bruke det ordet her.    
Du er inne i huset.     
Det er niste her. 
Det er en liten flaske med vann her.
DRIKK GEYSIR
jeg kan ikke se noen GEYSIR her. 
FYLL PRINSE
jeg kan ikke se noen PRINSE her. 
ALIBAB
Jeg vet ikke hvordan jeg skal bruke det ordet her.    
Du er inne i huset.     
Det er niste her. 
Det er en liten flaske med vann her.
GRAV
] grave uten en spade er sv{rt upraktisk.  Selv med en spade er det lite
h}p om fremskritt.
BEKK
Elven renner inn og ut gjennom et par 30cm kloakkr|r.  Jeg anbefa-
ler at du bruker utgangen.    
Du er inne i huset.     
Det er niste her. 
Det er en liten flaske med vann her.
KAST DRAGEN
jeg kan ikke se noen DRAGEN her. 
INN
Jeg vet ikke inn fra ut her. Bruk kompass eller navn p} noe i n{rheten. 
Du er inne i huset.     
Det er niste her. 
Det er en liten flaske med vann her.
G] MYNTER
jeg kan ikke se noen MYNTER her. 
J
Jeg forst}r ikke dette! 
OPPOVE
Jeg vet ikke hvordan jeg skal bruke det ordet her.    
Du er inne i huset, der du finner en br|nn som det renner en bekk ut av.
Det er niste her. 
Det er en liten flaske med vann her.
BESKJE
jeg kan ikke se noen BESKJE her. 
SYD\ST
Det er ikke mulig } g} i den retningen.   
Du er inne i huset.     
Det er niste her. 
Det er en liten flaske med vann her.
OPPOVE
Jeg vet ikke hvordan jeg skal bruke det ordet her.    
Du er inne i huset.     
Det er niste her. 
Det er en liten flaske med vann her.
BUR
jeg kan ikke se noen BUR her. 
ORIENT
Jeg vet ikke hvordan jeg skal bruke det ordet her.    
Du er inne i huset.     
Det er niste her. 
Det er en liten flaske med vann her.
FLYTT PRINSE
jeg kan ikke se noen PRINSE her. 
TA OLJE
jeg kan ikke se noen OLJE her. 
SYD\ST
Det er ikke mulig } g} i den retningen.   
Du er inne i huset.     
Det er niste her. 
Det er en liten flaske med vann her.
FIE
Ingen ting skjer. 
ORIENT
Jeg vet ikke hvordan jeg skal bruke det ordet her.    
Du er inne i huset, der du finner en br|nn som det renner en bekk ut av.
Det er niste her. 
Det er en liten flaske med vann her.
KLATRE
Jeg vet ikke hvordan jeg skal bruke det ordet her.    
Du er inne i huset.     
Det er niste her. 
Det er en liten flaske med vann her.
STRAND
Jeg vet ikke hvordan jeg skal bruke det ordet her.    
Du er inne i huset.     
Det er niste her. 
Det er en liten flaske med vann her.
VEGG
Jeg vet ikke hvordan jeg skal bruke det ordet her.    
Du er inne i huset.     
Det er niste her. 
Det er en liten flaske med vann her.
INN
Jeg vet ikke inn fra ut her. Bruk kompass eller navn p} noe i n{rheten. 
Du er inne i huset.     
Det er niste her. 
Det er en liten flaske med vann her.
INN
Jeg vet ikke inn fra ut her. Bruk kompass eller navn p} noe i n{rheten. 
Du er inne i huset, der du finner en br|nn som det renner en bekk ut av.
Det er niste her. 
Det er en liten flaske med vann her.
S\PPEL
Jeg vet ikke hvordan jeg skal bruke det ordet her.    
Du er inne i huset.     
Det er niste her. 
Det er en liten flaske med vann her.
SLUKK MYNTER
jeg kan ikke se noen MYNTER her. 
HYLLE
Jeg vet ikke hvordan jeg skal bruke det ordet her.    
Du er inne i huset.     
Det er niste her. 
Det er en liten flaske med vann her.
KNUS KISTE
jeg kan ikke se noen KISTE her. 
HELL BATTER
jeg kan ikke se noen BATTER her. 
KLATRE
Jeg vet ikke hvordan jeg skal bruke det ordet her.    
Du er inne i huset.     
Det er niste her. 
Det er en liten flaske med vann her.
KRYSSE
Jeg vet ikke hvordan jeg skal bruke det ordet her.    
Du er inne i huset.     
Det er niste her. 
Det er en liten flaske med vann her.
KNUS PERLE
jeg kan ikke se noen PERLE her. 
ORIENT
Jeg vet ikke hvordan jeg skal bruke det ordet her.    
Du er inne i huset, der du finner en br|nn som det renner en bekk ut av.
Det er niste her. 
Det er en liten flaske med vann her.
OLJE
jeg kan ikke se noen OLJE her. 
KJEMPE
Jeg vet ikke hvordan jeg skal bruke det ordet her.    
Du er inne i huset.     
Det er niste her. 
Det er en liten flaske med vann her.
TEM PERGAM
jeg kan ikke se noen PERGAM her. 
HUS
Jeg vet ikke hvordan jeg skal bruke det ordet her.    
Du er inne i huset.     
Det er niste her. 
Det er en liten flaske med vann her.
VASK PLATEN
jeg kan ikke se noen PLATEN her. 
XYZZY
Det er bekm|rkt her. Fortsetter du vil du trolig falle i en sjakt.
TUNNEL
Du er i rullestenkorridoren.  
HARPE
jeg kan ikke se noen HARPE her. 
KL\FT
Jeg vet ikke hvordan jeg skal bruke det ordet her.    
Du er i rullestenkorridoren.  
T]KE
T}ke er som regel fordampet vann, i huler er det som regel et varsel om 
en dyp sjakt som f|rer ned til vann.
J
Jeg forst}r ikke dette! 
STENG OLJE
jeg kan ikke se noen OLJE her. 
S\PPEL
Det er bekm|rkt her. Fortsetter du vil du trolig falle i en sjakt.
S
Det er ikke mulig } g} i den retningen.   
Det er bekm|rkt her. Fortsetter du vil du trolig falle i en sjakt.
MARCOP
Jeg vet ikke hvordan jeg skal bruke det ordet her.    
Du datt i en sjakt og brakk hvert eneste ben i kroppen.     
Ditt dumme esel, du har klart det igjen.  Jeg vet ikke hvor lenge jeg   
kan fortsette dette. Vil du bli gjenf|dt en gang til? 
O
Vennligst besvar sp|rsm}let.
V
Vennligst besvar sp|rsm}let.
KJEMPE
Vennligst besvar sp|rsm}let.
LES MAT
Vennligst besvar sp|rsm}let.
XYZZY
Vennligst besvar sp|rsm}let.
FYLL EGG
Vennligst besvar sp|rsm}let.
H\YERE
Vennligst besvar sp|rsm}let.
TIDER TAU
Vennligst besvar sp|rsm}let.
NED
Vennligst besvar sp|rsm}let.
SNU
Vennligst besvar sp|rsm}let.
SPIS FLASKE
Vennligst besvar sp|rsm}let.
DRIKK KISTE
Vennligst besvar sp|rsm}let.
HELL PERGAM
Vennligst besvar sp|rsm}let.
HUS
Vennligst besvar sp|rsm}let.
BUKK EGG
Vennligst besvar sp|rsm}let.
SJAKT
Vennligst besvar sp|rsm}let.
SE
Vennligst besvar sp|rsm}let.
J
I orden, men hvor er det blitt av den oransje r|yken....-poof- (det er  
ikke s} mye r|k igjen),  men den skjuler alt rundt deg en stund.  
Du er inne i huset.     
Det er niste her. 
Det er en liten flaske med vann her.
TA PLANTE
jeg kan ikke se noen PLANTE her. 
LES LYSEST
jeg kan ikke se noen LYSEST her. 
T]KE
T}ke er som regel fordampet vann, i huler er det som regel et varsel om 
en dyp sjakt som f|rer ned til vann.
BEKK
Elven renner inn og ut gjennom et par 30cm kloakkr|r.  Jeg anbefa-
ler at du bruker utgangen.    
Du er inne i huset.     
Det er niste her. 
Det er en liten flaske med vann her.
VENSTR
Jeg vet ikke hvordan du st}r. Bruk kompass eller navn p} noe i n{rheten.
Du er inne i huset, der du finner en br|nn som det renner en bekk ut av.
Det er niste her. 
Det er en liten flaske med vann her.
SPRENG JUV
Jeg vet ikke hvordan jeg skal bruke det ordet her.    
Du er inne i huset.     
Det er niste her. 
Det er en liten flaske med vann her.
FIE
Ingen ting skjer. 
SPREKK
Jeg vet ikke hvordan jeg skal bruke det ordet her.    
Du er inne i huset.     
Det er niste her. 
Det er en liten flaske med vann her.
SJAKT
Jeg vet ikke hvordan jeg skal bruke det ordet her.    
Du er inne i huset.     
Det er niste her. 
Det er en liten flaske med vann her.
SPRENG SLANGE
Jeg vet ikke hvordan jeg skal bruke det ordet her.    
Du er inne i huset.     
Det er niste her. 
Det er en liten flaske med vann her.
LAVERE
Det er ikke mulig } g} i den retningen.   
Du er inne i huset, der du finner en br|nn som det renner en bekk ut av.
Det er niste her. 
Det er en liten flaske med vann her.
FINN PLATEN
Jeg kan bare fortelle deg hva du ser n}r du flytter deg og bruker 
ting.  Jeg kan ikke fortelle deg hvor ting du ikke ser er.  
KUPPEL
Jeg vet ikke hvordan jeg skal bruke det ordet her.    
Du er inne i huset.     
Det er niste her. 
Det er en liten flaske med vann her.
J
Jeg vet ikke hva det ordet betyr.   
HELL N\KKEL
jeg kan ikke se noen N\KKEL her. 
TRE
Skogen best}r av store eketr{r, noen digre l|nnetr{r skygger for  
lyset.  Her er ogs} en og annen bj|rk og lind. Underskogen er ganske    
tett, og enkelte plasser er det tett kratt. Derfor er utsikten begrenset
p} denne tiden av }ret.  Tross dette g}r det raskt } komme seg frem bare
du ikke stopper opp i b{rbuskene.   
S\LV
jeg kan ikke se noen S\LV her. 
ORIENT
Jeg vet ikke hvordan jeg skal bruke det ordet her.    
Du er inne i huset.     
Det er niste her. 
Det er en liten flaske med vann her.
HOKUS
Godt fors|k, men det er et gammelt, utslitt trylleord.
FLYTT BORD
jeg kan ikke se noen BORD her. 
SI KROK
jeg kan ikke se noen KROK her. 
TENN VASE
jeg kan ikke se noen VASE her. 
TIDER BJ\RN
jeg kan ikke se noen BJ\RN her. 
M\RKET
Jeg vet ikke hvordan jeg skal bruke det ordet her.    
Du er inne i huset.     
Det er niste her. 
Det er en liten flaske med vann her.
D
Det er ikke mulig } g} i den retningen.   
Du er inne i huset.     
Det er niste her. 
Det er en liten flaske med vann her.
STRAND
Jeg vet ikke hvordan jeg skal bruke det ordet her.    
Du er inne i huset, der du finner en br|nn som det renner en bekk ut av.
Det er niste her. 
Det er en liten flaske med vann her.
STENG N\KKEL
jeg kan ikke se noen N\KKEL her. 
STRAND
Jeg vet ikke hvordan jeg skal bruke det ordet her.    
Du er inne i huset.     
Det er niste her. 
Det er en liten flaske med vann her.
J
Hva?  
SE
Beklager, men jeg har ikke lov til } gi deg flere detaljer.  Jeg kan    
gjenta den lange beskrivelsen av der du er.     
Du er inne i huset, der du finner en br|nn som det renner en bekk ut av.
Det er niste her. 
Det er en liten flaske med vann her.
SLUKK SVERD
jeg kan ikke se noen SVERD her. 
KAST DIAMAN
jeg kan ikke se noen DIAMAN her. 
NORD\S
Det er ikke mulig } g} i den retningen.   
Du er inne i huset.     
Det er niste her. 
Det er en liten flaske med vann her.
SV
Det er ikke mulig } g} i den retningen.   
Du er inne i huset.     
Det er niste her. 
Det er en liten flaske med vann her.
SYD\ST
Det er ikke mulig } g} i den retningen.   
Du er inne i huset.     
Det er niste her. 
Det er en liten flaske med vann her.
SPIS DREGG
jeg kan ikke se noen DREGG her. 
FUGL
jeg kan ikke se noen FUGL her. 
SLUKK BJ\RN
jeg kan ikke se noen BJ\RN her. 
BUKK KJEDE
jeg kan ikke se noen KJEDE her. 
U
Hva?  
G] JERNRI
jeg kan ikke se noen JERNRI her. 
FORAN
Jeg vet ikke hvordan jeg skal bruke det ordet her.    
Du er inne i huset.     
Det er niste her. 
Det er en liten flaske med vann her.
FINN VANN
Jeg tror at det du |nsker deg er her n}.  
KRYP
Hvilken vei?
Du er inne i huset, der du finner en br|nn som det renner en bekk ut av.
Det er niste her. 
Det er en liten flaske med vann her.
SE
Beklager, men jeg har ikke lov til } gi deg flere detaljer.  Jeg kan    
gjenta den lange beskrivelsen av der du er.     
Du er inne i huset, der du finner en br|nn som det renner en bekk ut av.
Det er niste her. 
Det er en liten flaske med vann her.
DVERG
jeg kan ikke se noen DVERG her. 
UT
Du er ved enden av veien.     
Det er en skinnende lampe av messing i n{rheten.
PLUGH
Ingen ting skjer. 
Du er ved enden av veien.     
Det er en skinnende lampe av messing i n{rheten.
H\YERE
Jeg vet ikke hvordan jeg skal bruke det ordet her.    
Du er ved enden av veien.     
Det er en skinnende lampe av messing i n{rheten.
BATTER
jeg kan ikke se noen BATTER her. 
INFO
Hvis du |nsker } avlutte skattejakten tidlig, si "SLUTT". For } spare   
p} spillet for } fortsette senere, si "UTSETT" (eller "PAUSE" eller     
"SPAR").  For } se de tidene hulen normalt er }pen, si "]PENT". For }   
se hvor godt du har gjort det hittil, si "POENG".  For } f} full uttel- 
ling for de skattene du har funnet, m} du bringe skattene i sikkerhet   
inn i huset, skj|nt du f}r delvis uttelling for bare } ha funnet  
dem. Du f}r fradrag i poengsummen for } bli drept og for } avslutte     
tidlig, st|rst fradrag for det f|rste. Poengsummen avhenger ogs} av     
Hvor stor del av hulen (om noen) du har greid } utforske, spesielt er   
det en stor bonus for } ha kommet inn i hulen (for } skille nybegynnere 
fra resten av pakket), og det er andre m}ter } f} greie p} om du har    
v{rt gjennom noen av de mer vanskelige stedene. Hvis du tror du har fun-
net alle skattene, fortsett letingen litt til. Hvis det ikke skjer noe  
har du enn} ikke funnet alle skattene. Hvis noe interessant *virkelig*  
skjer, betyr det at du f}r bonus og har sjansen til } score enda mange  
flere poeng i mesternes del. Jeg kan gi deg noen hint en gang i blant   
hvis du ser ut til } ha kommet opp i vanskeligheter. Hvis jeg gj|r det, 
vil jeg advare deg p} forh}nd om hvor mange poeng dette vil koste deg.  
Til slutt, for } spare deg for un|dig utskrift, du kan si "KORT", 
hvilket gj|r at du bare f}r full beskrivelse av stedene du er p} n}r du 
ber om det spesielt.    
VENSTR
Jeg vet ikke hvordan du st}r. Bruk kompass eller navn p} noe i n{rheten.
Du st}r ved enden av en vei foran et lite hus bygget i r|d mursten.     
Rundt deg er det skog. En liten bekk renner ut av huset og ned en kl|ft.
Det er en skinnende lampe av messing i n{rheten.
HOKUS
Godt fors|k, men det er et gammelt, utslitt trylleord.
HOPP
Jeg vet ikke hvordan jeg skal bruke det ordet her.    
Du er ved enden av veien.     
Det er en skinnende lampe av messing i n{rheten.
VEKK JUVELE
jeg kan ikke se noen JUVELE her. 
SKJELL
Jeg vet ikke hvordan jeg skal bruke det ordet her.    
Du er ved enden av veien.     
Det er en skinnende lampe av messing i n{rheten.
M\RKET
Jeg vet ikke hvordan jeg skal bruke det ordet her.    
Du er ved enden av veien.     
Det er en skinnende lampe av messing i n{rheten.
SE
Du st}r ved enden av en vei foran et lite hus bygget i r|d mursten.     
Rundt deg er det skog. En liten bekk renner ut av huset og ned en kl|ft.
Det er en skinnende lampe av messing i n{rheten.
HULL
Jeg vet ikke hvordan jeg skal bruke det ordet her.    
Du er ved enden av veien.     
Det er en skinnende lampe av messing i n{rheten.
U
Hva?  
KNUS BRONSE
jeg kan ikke se noen BRONSE her. 
INNGAN
Jeg vet ikke hvordan jeg skal bruke det ordet her.    
Du er ved enden av veien.     
Det er en skinnende lampe av messing i n{rheten.
BUKK KISTE
jeg kan ikke se noen KISTE her. 
SV\M
Jeg vet ikke hvordan.   
J
Hva?  
INNHOL KROK
Jeg kan bare fortelle deg hva du ser n}r du flytter deg og bruker 
ting.  Jeg kan ikke fortelle deg hvor ting du ikke ser er.  
SI DRAGEN
jeg kan ikke se noen DRAGEN her. 
KRYSSE
Jeg vet ikke hvordan jeg skal bruke det ordet her.    
Du er ved enden av veien.     
Det er en skinnende lampe av messing i n{rheten.
XYZZY
Ingen ting skjer. 
Du er ved enden av veien.     
Det er en skinnende lampe av messing i n{rheten.
KL\FT
Du er i dalen.    
FOE
Ingen ting skjer. 
SE
Du er i en dal i skogen ved siden av en bekk som tumler nedover et
stenete bekkefar. 
NEDOVE
Du er ved sprekken i bekkefaret.    
UTSIKT
Jeg vet ikke hvordan jeg skal bruke det ordet her.    
Du er ved sprekken i bekkefaret.    
LAVERE
Jeg tror neppe du kan slanke deg s} mye at du kommer gjennom en fem cm  
bred sprekk. Fors|k noe annet.
Du er ved sprekken i bekkefaret.    
NV
Det er ikke mulig } g} i den retningen.   
Du er ved sprekken i bekkefaret.    
ROM
Jeg vet ikke hvordan jeg skal bruke det ordet her.    
Alt vannet forsvinner i en 5cm sprekk i fjellet like ved bena dine.     
Lenger nede er bekkefaret bare sten.
KAST GULL
jeg kan ikke se noen GULL her. 
HOKUS
Godt fors|k, men det er et gammelt, utslitt trylleord.
D
Jeg tror neppe du kan slanke deg s} mye at du kommer gjennom en fem cm  
bred sprekk. Fors|k noe annet.
Du er ved sprekken i bekkefaret.    
TUNNEL
Jeg vet ikke hvordan jeg skal bruke det ordet her.    
Du er ved sprekken i bekkefaret.    
DREP FLASKE
jeg kan ikke se noen FLASKE her. 
PLUGH
Ingen ting skjer. 
Du er ved sprekken i bekkefaret.    
HULL
Jeg vet ikke hvordan jeg skal bruke det ordet her.    
Du er ved sprekken i bekkefaret.    
HOPP
Jeg vet ikke hvordan jeg skal bruke det ordet her.    
Alt vannet forsvinner i en 5cm sprekk i fjellet like ved bena dine.     
Lenger nede er bekkefaret bare sten.
SLIPP \KS
jeg kan ikke se noen \KS her. 
T]KE
T}ke er som regel fordampet vann, i huler er det som regel et varsel om 
en dyp sjakt som f|rer ned til vann.
SLIPP SVERD
jeg kan ikke se noen SVERD her. 
TRAPP
Jeg vet ikke hvordan jeg skal bruke det ordet her.    
Du er ved sprekken i bekkefaret.    
VEST
Du er i en }pen skog med en dyp dal p} ene siden.     
O
Det er ikke mulig } g} i den retningen.   
Du er i skogen.   
]PNE \KS
jeg kan ikke se noen \KS her. 
LES KROK
jeg kan ikke se noen KROK her. 
J
Jeg vet ikke hva det ordet betyr.   
SNU
Beklager, men jeg er ikke lenger i stand til } huske hvordan du kom hit.
Du er i skogen.   
HYLLE
Jeg vet ikke hvordan jeg skal bruke det ordet her.    
Du er i skogen.   
BUKK PLANTE
jeg kan ikke se noen PLANTE her. 
SPRENG TAU
Jeg vet ikke hvordan jeg skal bruke det ordet her.    
Du er i skogen.   
V
Du er i en }pen skog med en dyp dal p} ene siden.     
KAST BJ\RN
jeg kan ikke se noen BJ\RN her. 
BATTER
jeg kan ikke se noen BATTER her. 
ROM
Jeg vet ikke hvordan jeg skal bruke det ordet her.    
Du er i skogen.   
SLIPP BEGER
jeg kan ikke se noen BEGER her. 
OVERFL
Jeg vet ikke hvordan jeg skal bruke det ordet her.    
Du er i skogen.   
U
Jeg vet ikke hva det ordet betyr.   
FIE
Ingen ting skjer. 
FORAN
Jeg vet ikke hvordan jeg skal bruke det ordet her.    
Du er i skogen.   
TA FLASKE
jeg kan ikke se noen FLASKE her. 
VEGG
Jeg vet ikke hvordan jeg skal bruke det ordet her.    
Du er i skogen.   
NEDOVE
Jeg vet ikke hvordan jeg skal bruke det ordet her.    
Du er i en }pen skog med en dyp dal p} ene siden.     
KL\FT
Jeg vet ikke hvordan jeg skal bruke det ordet her.    
Du er i skogen.   
STRAND
Jeg vet ikke hvordan jeg skal bruke det ordet her.    
Du er i skogen.   
HYLLE
Jeg vet ikke hvordan jeg skal bruke det ordet her.    
Du er i skogen.   
KRYSSE
Jeg vet ikke hvordan jeg skal bruke det ordet her.    
Du er i skogen.   
NEDOVE
Jeg vet ikke hvordan jeg skal bruke det ordet her.    
Du er i en }pen skog med en dyp dal p} ene siden.     
U
Jeg vet ikke hva det ordet betyr.   
SLIPP TROLL
jeg kan ikke se noen TROLL her. 
TA TEPPE
jeg kan ikke se noen TEPPE her. 
\KS
jeg kan ikke se noen \KS her. 
FLYTT MAT
jeg kan ikke se noen MAT her. 
ORIENT
Jeg vet ikke hvordan jeg skal bruke det ordet her.    
Du er i skogen.   
KRYP
Hvilken vei?
Du er i skogen.   
STRAND
Jeg vet ikke hvordan jeg skal bruke det ordet her.    
Du er i skogen.   
SNU
Beklager, men jeg er ikke lenger i stand til } huske hvordan du kom hit.
Du er i skogen.   
POENG JUV
jeg kan ikke se noen JUV her. 
HELLER
Jeg vet ikke hvordan jeg skal bruke det ordet her.    
Du er i en }pen skog med en dyp dal p} ene siden.     
INFO
Hvis du |nsker } avlutte skattejakten tidlig, si "SLUTT". For } spare   
p} spillet for } fortsette senere, si "UTSETT" (eller "PAUSE" eller     
"SPAR").  For } se de tidene hulen normalt er }pen, si "]PENT". For }   
se hvor godt du har gjort det hittil, si "POENG".  For } f} full uttel- 
ling for de skattene du har funnet, m} du bringe skattene i sikkerhet   
inn i huset, skj|nt du f}r delvis uttelling for bare } ha funnet  
dem. Du f}r fradrag i poengsummen for } bli drept og for } avslutte     
tidlig, st|rst fradrag for det f|rste. Poengsummen avhenger ogs} av     
Hvor stor del av hulen (om noen) du har greid } utforske, spesielt er   
det en stor bonus for } ha kommet inn i hulen (for } skille nybegynnere 
fra resten av pakket), og det er andre m}ter } f} greie p} om du har    
v{rt gjennom noen av de mer vanskelige stedene. Hvis du tror du har fun-
net alle skattene, fortsett letingen litt til. Hvis det ikke skjer noe  
har du enn} ikke funnet alle skattene. Hvis noe interessant *virkelig*  
skjer, betyr det at du f}r bonus og har sjansen til } score enda mange  
flere poeng i mesternes del. Jeg kan gi deg noen hint en gang i blant   
hvis du ser ut til } ha kommet opp i vanskeligheter. Hvis jeg gj|r det, 
vil jeg advare deg p} forh}nd om hvor mange poeng dette vil koste deg.  
Til slutt, for } spare deg for un|dig utskrift, du kan si "KORT", 
hvilket gj|r at du bare f}r full beskrivelse av stedene du er p} n}r du 
ber om det spesielt.    
VEKK LYSEST
jeg kan ikke se noen LYSEST her. 
FINN D\R
Jeg kan bare fortelle deg hva du ser n}r du flytter deg og bruker 
ting.  Jeg kan ikke fortelle deg hvor ting du ikke ser er.  
SPREKK
Jeg vet ikke hvordan jeg skal bruke det ordet her.    
Du er i skogen.   
SLUKK SKJELL
Jeg vet ikke hvordan jeg skal bruke det ordet her.    
Du er i skogen.   
NORD\S
Det er ikke mulig } g} i den retningen.   
Du er i skogen.   
TUNNEL
Jeg vet ikke hvordan jeg skal bruke det ordet her.    
Du er i skogen.   
HELLER
Jeg vet ikke hvordan jeg skal bruke det ordet her.    
Du er i en }pen skog med en dyp dal p} ene siden.     
