
                            * * N Y H E T * *  
                          *   E V E N T Y R   * 
                         N ]  P ]  N O R S K !!!
  I hovedrollene: DVERGER,  DRAGER,  TROLL, til og med en PRINSESSE.    
Hvis du liker } l|se g}ter og problemer, vil du elske dette spillet, men
tenk litt p} at du krever en hel del av denne stakkars overarbeidede    
datamaskinen,  og dermed sinker den en hel del. 
                 LYKKE TIL !!!     (Det trenger du!)  
Velkommen til Skattejakt!!  \nsker du } se reglene?   
FJELL
Vennligst besvar sp|rsm}let.
KAST SPREKK
Vennligst besvar sp|rsm}let.
OPPOVE
Vennligst besvar sp|rsm}let.
SYD
Vennligst besvar sp|rsm}let.
VASE
Vennligst besvar sp|rsm}let.
O
Vennligst besvar sp|rsm}let.
TEM SMARAG
Vennligst besvar sp|rsm}let.
FJELL
Vennligst besvar sp|rsm}let.
NEDOVE
Vennligst besvar sp|rsm}let.
PERLE
Vennligst besvar sp|rsm}let.
VEST
Vennligst besvar sp|rsm}let.
SYD\ST
Vennligst besvar sp|rsm}let.
KLATRE
Vennligst besvar sp|rsm}let.
HULL
Vennligst besvar sp|rsm}let.
FINN MAT
Vennligst besvar sp|rsm}let.
HYLLE
Vennligst besvar sp|rsm}let.
NORD\S
Vennligst besvar sp|rsm}let.
SYD
Vennligst besvar sp|rsm}let.
FLYTT SPEIL
Vennligst besvar sp|rsm}let.
BORD
Vennligst besvar sp|rsm}let.
MARCOP
Vennligst besvar sp|rsm}let.
DRIKK AUTOMA
Vennligst besvar sp|rsm}let.
SYD\ST
Vennligst besvar sp|rsm}let.
FORTSE
Vennligst besvar sp|rsm}let.
STRAND
Vennligst besvar sp|rsm}let.
TEM DREGG
Vennligst besvar sp|rsm}let.
KAST MYNTER
Vennligst besvar sp|rsm}let.
SPREKK
Vennligst besvar sp|rsm}let.
SPREKK
Vennligst besvar sp|rsm}let.
GNI VANN
Vennligst besvar sp|rsm}let.
LAVERE
Vennligst besvar sp|rsm}let.
DREP GULL
Vennligst besvar sp|rsm}let.
FLYTT PLANTE
Vennligst besvar sp|rsm}let.
DAL
Vennligst besvar sp|rsm}let.
TEM VASE
Vennligst besvar sp|rsm}let.
BUKK MAT
Vennligst besvar sp|rsm}let.
OPP
Vennligst besvar sp|rsm}let.
NEDOVE
Vennligst besvar sp|rsm}let.
HUS
Vennligst besvar sp|rsm}let.
FUM
Vennligst besvar sp|rsm}let.
DREP LYKT
Vennligst besvar sp|rsm}let.
NV
Vennligst besvar sp|rsm}let.
J
Et sted i n{rheten ligger den store hulen hvor mange har funnet formuer 
i skatter og gull, men det g}r ogs} rykter om at de fleste som g}r inn i
hulen blir igjen der inne.  Det sies at trolldom og magi regjerer der.  
Jeg vil v{re dine |yne og hender. Diriger meg med ett eller to ord, du  
trenger ikke skrive mer enn 6 bokstaver i hvert ord. Noen kan forkor-   
tes: "N\" i stedet for "NORD\ST", "S" i stedet for "SYD" osv.  G}r du   
deg fast, skriv "HJELP" for } f} generelle hint  For informasjon om     
hvordan du avslutter skattejakten o.l., skriv "INFO"  
                             - - -  
Du st}r ved enden av en vei foran et lite hus bygget i r|d mursten.     
Rundt deg er det skog. En liten bekk renner ut av huset og ned en kl|ft.
DRIKK SVERD
jeg kan ikke se noen SVERD her. 
GRAV
] grave uten en spade er sv{rt upraktisk.  Selv med en spade er det lite
h}p om fremskritt.
SI OLJE
jeg kan ikke se noen OLJE her. 
FLYTT AUTOMA
jeg kan ikke se noen AUTOMA her. 
KRYSS
Jeg vet ikke hvordan jeg skal bruke det ordet her.    
Du er ved enden av veien.     
KJEMPE
Jeg vet ikke hvordan jeg skal bruke det ordet her.    
Du er ved enden av veien.     
ENTRE
Du er inne i huset, der du finner en br|nn som det renner en bekk ut av.
Det er noen n|kler her. 
Det er en skinnende lampe av messing i n{rheten.
Det er niste her. 
Det er en liten flaske med vann her.
FORAN
Jeg vet ikke hvordan jeg skal bruke det ordet her.    
Du er inne i huset.     
Det er noen n|kler her. 
Det er en skinnende lampe av messing i n{rheten.
Det er niste her. 
Det er en liten flaske med vann her.
PLUGH
Det er bekm|rkt her. Fortsetter du vil du trolig falle i en sjakt.
J
Jeg vet ikke hva det ordet betyr.   
GNI DVERG
jeg kan ikke se noen DVERG her. 
KUPPEL
Jeg vet ikke hvordan jeg skal bruke det ordet her.    
Det er bekm|rkt her. Fortsetter du vil du trolig falle i en sjakt.
DAL
Jeg vet ikke hvordan jeg skal bruke det ordet her.    
Du datt i en sjakt og brakk hvert eneste ben i kroppen.     
] for en ulykke!  Du har for}rsaket din egen d|d.  Jeg kan kanskje klare
} hjelpe deg ut, men jeg har igrunnen ikke gjort dette f|r.  Vil du jeg 
skal pr|ve } gjenf|de deg?    
UTSIKT
Vennligst besvar sp|rsm}let.
STENG TAU
Vennligst besvar sp|rsm}let.
ORIENT
Vennligst besvar sp|rsm}let.
DREP JERNRI
Vennligst besvar sp|rsm}let.
SYD
Vennligst besvar sp|rsm}let.
DRIKK DIAMAN
Vennligst besvar sp|rsm}let.
J
Som du |nsker, men skyld ikke p} meg om noe g}r ga......    
                    --- POOF!! ---  
Du er innhyllet i en sky av oransje r|yk.  Hostende og harkende kaver   
du deg ut av r|ken, og ser at....   
Du er inne i huset.     
Det er noen n|kler her. 
Det er en skinnende lampe av messing i n{rheten.
Det er niste her. 
Det er en liten flaske med vann her.
VIFT AUTOMA
jeg kan ikke se noen AUTOMA her. 
SKOG
Jeg vet ikke hvordan jeg skal bruke det ordet her.    
Du er inne i huset.     
Det er noen n|kler her. 
Det er en skinnende lampe av messing i n{rheten.
Det er niste her. 
Det er en liten flaske med vann her.
H\YERE
Jeg vet ikke hvordan jeg skal bruke det ordet her.    
Du er inne i huset.     
Det er noen n|kler her. 
Det er en skinnende lampe av messing i n{rheten.
Det er niste her. 
Det er en liten flaske med vann her.
MARCOP
Jeg vet ikke hvordan jeg skal bruke det ordet her.    
Du er inne i huset, der du finner en br|nn som det renner en bekk ut av.
Det er noen n|kler her. 
Det er en skinnende lampe av messing i n{rheten.
Det er niste her. 
Det er en liten flaske med vann her.
TRONE
jeg kan ikke se noen TRONE her. 
SKOG
Jeg vet ikke hvordan jeg skal bruke det ordet her.    
Du er inne i huset.     
Det er noen n|kler her. 
Det er en skinnende lampe av messing i n{rheten.
Det er niste her. 
Det er en liten flaske med vann her.
OVER
Det er ikke mulig } g} i den retningen.   
Du er inne i huset.     
Det er noen n|kler her. 
Det er en skinnende lampe av messing i n{rheten.
Det er niste her. 
Det er en liten flaske med vann her.
VEKK KNIV
jeg kan ikke se noen KNIV her. 
\ST
Det er ikke mulig } g} i den retningen.   
Du er inne i huset.     
Det er noen n|kler her. 
Det er en skinnende lampe av messing i n{rheten.
Det er niste her. 
Det er en liten flaske med vann her.
SNU
Beklager, men jeg er ikke lenger i stand til } huske hvordan du kom hit.
Du er inne i huset.     
Det er noen n|kler her. 
Det er en skinnende lampe av messing i n{rheten.
Det er niste her. 
Det er en liten flaske med vann her.
HOKUS
Godt fors|k, men det er et gammelt, utslitt trylleord.
FYLL BJ\RN
jeg kan ikke se noen BJ\RN her. 
J
Jeg vet ikke hva det ordet betyr.   
BUKK PYRAMI
jeg kan ikke se noen PYRAMI her. 
SLIPP TRONE
jeg kan ikke se noen TRONE her. 
LAVERE
Det er ikke mulig } g} i den retningen.   
Du er inne i huset, der du finner en br|nn som det renner en bekk ut av.
Det er noen n|kler her. 
Det er en skinnende lampe av messing i n{rheten.
Det er niste her. 
Det er en liten flaske med vann her.
UTSIKT
Jeg vet ikke hvordan jeg skal bruke det ordet her.    
Du er inne i huset.     
Det er noen n|kler her. 
Det er en skinnende lampe av messing i n{rheten.
Det er niste her. 
Det er en liten flaske med vann her.
HYLLE
Jeg vet ikke hvordan jeg skal bruke det ordet her.    
Du er inne i huset.     
Det er noen n|kler her. 
Det er en skinnende lampe av messing i n{rheten.
Det er niste her. 
Det er en liten flaske med vann her.
POENG PLANTE
jeg kan ikke se noen PLANTE her. 
DREGG
jeg kan ikke se noen DREGG her. 
VEST
Du er ved enden av veien.     
HELLER
Jeg vet ikke hvordan jeg skal bruke det ordet her.    
Du er ved enden av veien.     
J
Jeg vet ikke hva det ordet betyr.   
NORD
Du er i en }pen skog med en dyp dal p} ene siden.     
J
Hva?  
SLIPP BJ\RN
jeg kan ikke se noen BJ\RN her. 
FOE
Ingen ting skjer. 
TEM S\LV
jeg kan ikke se noen S\LV her. 
SVERD
jeg kan ikke se noen SVERD her. 
STRAND
Jeg vet ikke hvordan jeg skal bruke det ordet her.    
Du er i skogen.   
KNUS BJ\RN
jeg kan ikke se noen BJ\RN her. 
FOO
Ingen ting skjer. 
SLUKK SCEPTE
jeg kan ikke se noen SCEPTE her. 
KRYSS
Jeg vet ikke hvordan jeg skal bruke det ordet her.    
Du er i skogen.   
SE
Beklager, men jeg har ikke lov til } gi deg flere detaljer.  Jeg kan    
gjenta den lange beskrivelsen av der du er.     
Du er i en }pen skog med en dyp dal p} ene siden.     
PERGAM
jeg kan ikke se noen PERGAM her. 
SPREKK
Jeg vet ikke hvordan jeg skal bruke det ordet her.    
Du er i skogen.   
S\PPEL
Jeg vet ikke hvordan jeg skal bruke det ordet her.    
Du er i skogen.   
PERGAM
jeg kan ikke se noen PERGAM her. 
KAST LYSEST
jeg kan ikke se noen LYSEST her. 
TA FUGL
jeg kan ikke se noen FUGL her. 
KRYP
Hvilken vei?
Du er i skogen.   
BUKK FLASKE
jeg kan ikke se noen FLASKE her. 
STENG JERNRI
jeg kan ikke se noen JERNRI her. 
O
Det er ikke mulig } g} i den retningen.   
Du er i skogen.   
FUM
Ingen ting skjer. 
TEPPE
jeg kan ikke se noen TEPPE her. 
FORAN
Jeg vet ikke hvordan jeg skal bruke det ordet her.    
Du er i en }pen skog med en dyp dal p} ene siden.     
SYD\ST
Det er ikke mulig } g} i den retningen.   
Du er i skogen.   
ORIENT
Jeg vet ikke hvordan jeg skal bruke det ordet her.    
Du er i skogen.   
BJ\RN
jeg kan ikke se noen BJ\RN her. 
KRYP
Hvilken vei?
Du er i skogen.   
SV\M
Jeg vet ikke hvordan.   
TRE
Skogen best}r av store eketr{r, noen digre l|nnetr{r skygger for  
lyset.  Her er ogs} en og annen bj|rk og lind. Underskogen er ganske    
tett, og enkelte plasser er det tett kratt. Derfor er utsikten begrenset
p} denne tiden av }ret.  Tross dette g}r det raskt } komme seg frem bare
du ikke stopper opp i b{rbuskene.   
J
Jeg forst}r ikke dette! 
H\YERE
Jeg vet ikke hvordan jeg skal bruke det ordet her.    
Du er i skogen.   
SPREKK
Jeg vet ikke hvordan jeg skal bruke det ordet her.    
Du er i en }pen skog med en dyp dal p} ene siden.     
VASK MOSE
jeg kan ikke se noen MOSE her. 
UTSIKT
Jeg vet ikke hvordan jeg skal bruke det ordet her.    
Du er i skogen.   
KJEMPE
Jeg vet ikke hvordan jeg skal bruke det ordet her.    
Du er i skogen.   
LAV
Jeg vet ikke hvordan jeg skal bruke det ordet her.    
Du er i skogen.   
HULL
Jeg vet ikke hvordan jeg skal bruke det ordet her.    
Du er i skogen.   
VEI
Jeg vet ikke hvordan jeg skal bruke det ordet her.    
Du er i en }pen skog med en dyp dal p} ene siden.     
TA DIAMAN
jeg kan ikke se noen DIAMAN her. 
KRYP
Hvilken vei?
Du er i skogen.   
LES TAU
jeg kan ikke se noen TAU her. 
SI DREGG
jeg kan ikke se noen DREGG her. 
SYD
Du er i skogen.   
NED
Du er i en dal i skogen ved siden av en bekk som tumler nedover et
stenete bekkefar. 
J
Jeg forst}r ikke dette! 
KORT BUR
jeg kan ikke se noen BUR her. 
DREP CELLED
jeg kan ikke se noen CELLED her. 
HJELP
Jeg kjenner til steder, plasser og ting.  De fleste ordene jeg kan be-  
skriver plasser og bringer deg dit.  Fors|k ord som SKOG, HUS, \ST,     
VEST, NORD, SYD, BEKK, INN, OPP, NED, NEDOVER.  Jeg vet om noen f} ting 
blant annet en sort stav som er gjemt i hulen.  De kan flyttes og brukes
ved benytte noen av de ordene jeg kjenner, f.eks. TA, KAST, LUKK, SPIS. 
Vanligvis vil det v{re n|dvendig } skrive b}de navnet p} tingen og hva  
som skal gj|res, men noen ganger forst}r jeg hva som skal skje ut fra   
bare verbet, objekter kan ogs} tolkes som verb, f.eks. "INNHOLD" betyr  
"gi innholdsfortegnelse", hvilket gj|r at jeg gir deg en liste over alt 
du b{rer med deg. Noen av tingene har bieffekter, f.eks. skremmer staven
fuglen.  Har du problemer med } komme videre er det som regel bare }    
pr|ve noen flere ord.  Ofte er det du som forlanger det umulige av meg, 
og du burde heller fors|ke med noe helt annet, og benytte andre ting for
oppn} det du |nsker.  For at det skal g} raskere kan du ofte flytte deg 
langt med et eneste ord, "HUS" vil f.eks bringe deg til huset n}r du er 
i friluft bortsett fra hvis du g}r deg vill i skogen. Husk at huleganger
svinger mye, g}r du mot nord er det ikke alltid du kommer tilbake ved } 
g} mot syd.               Lykke til!
FYLL SPEIL
jeg kan ikke se noen SPEIL her. 
TRE
Skogen best}r av store eketr{r, noen digre l|nnetr{r skygger for  
lyset.  Her er ogs} en og annen bj|rk og lind. Underskogen er ganske    
tett, og enkelte plasser er det tett kratt. Derfor er utsikten begrenset
p} denne tiden av }ret.  Tross dette g}r det raskt } komme seg frem bare
du ikke stopper opp i b{rbuskene.   
SPRENG KROK
Du er i et 5 meter dypt s|kk hvor grunnen er dekket med gj|rme.   
I gj|rmen er det en solid jernrist murt fast i betong. Et utt|rket
bekkefar f|rer ned i s|kket.  
Jernristen er l}st.     
TUNNEL
Jeg vet ikke hvordan jeg skal bruke det ordet her.    
Du er utenfor jernristen.     
Jernristen er l}st.     
PLUGH
Ingen ting skjer. 
Du er utenfor jernristen.     
Jernristen er l}st.     
J
Hva?  
Fors|ker du } komme inn i hulen?    
LAVERE
Vennligst besvar sp|rsm}let.
TUNNEL
Vennligst besvar sp|rsm}let.
SPRENG SKJELL
Vennligst besvar sp|rsm}let.
KLATRE
Vennligst besvar sp|rsm}let.
VEGG
Vennligst besvar sp|rsm}let.
FLYTT FUGL
Vennligst besvar sp|rsm}let.
OPP
Vennligst besvar sp|rsm}let.
KLATRE
Vennligst besvar sp|rsm}let.
NORD\S
Vennligst besvar sp|rsm}let.
GRAV
Vennligst besvar sp|rsm}let.
KL\FT
Vennligst besvar sp|rsm}let.
PERLE
Vennligst besvar sp|rsm}let.
D\R
Vennligst besvar sp|rsm}let.
D
Vennligst besvar sp|rsm}let.
SI VASE
Vennligst besvar sp|rsm}let.
FIE
Vennligst besvar sp|rsm}let.
KRYSSE
Vennligst besvar sp|rsm}let.
KNUS KNIV
Vennligst besvar sp|rsm}let.
VASK S\LV
Vennligst besvar sp|rsm}let.
INNGAN
Vennligst besvar sp|rsm}let.
FOO
Vennligst besvar sp|rsm}let.
INFO
Vennligst besvar sp|rsm}let.
KLATRE
Vennligst besvar sp|rsm}let.
NV
Vennligst besvar sp|rsm}let.
FINN AUTOMA
Vennligst besvar sp|rsm}let.
SESAM
Vennligst besvar sp|rsm}let.
VASK PLANTE
Vennligst besvar sp|rsm}let.
HULE
Vennligst besvar sp|rsm}let.
TEM SKJELL
Vennligst besvar sp|rsm}let.
HJELP
Vennligst besvar sp|rsm}let.
SPRENG TEPPE
Vennligst besvar sp|rsm}let.
ROM
Vennligst besvar sp|rsm}let.
STENG BORD
Vennligst besvar sp|rsm}let.
VEGG
Vennligst besvar sp|rsm}let.
G] LYSEST
Vennligst besvar sp|rsm}let.
\ST
Vennligst besvar sp|rsm}let.
POENG SCEPTE
Vennligst besvar sp|rsm}let.
SPRENG SMARAG
Vennligst besvar sp|rsm}let.
HOPP
Vennligst besvar sp|rsm}let.
OVERFL
Vennligst besvar sp|rsm}let.
FOE
Vennligst besvar sp|rsm}let.
\ST
Vennligst besvar sp|rsm}let.
OVER
Vennligst besvar sp|rsm}let.
BEKK
Vennligst besvar sp|rsm}let.
SV
Vennligst besvar sp|rsm}let.
VEST
Vennligst besvar sp|rsm}let.
S
Vennligst besvar sp|rsm}let.
POENG MYNTER
Vennligst besvar sp|rsm}let.
LAV
Vennligst besvar sp|rsm}let.
STENG BEGER
Vennligst besvar sp|rsm}let.
SI PERGAM
Vennligst besvar sp|rsm}let.
VEI
Vennligst besvar sp|rsm}let.
INNHOL SPREKK
Vennligst besvar sp|rsm}let.
STENG DVERG
Vennligst besvar sp|rsm}let.
MOSE
Vennligst besvar sp|rsm}let.
SPIS TAVLEN
Vennligst besvar sp|rsm}let.
KRYSS
Vennligst besvar sp|rsm}let.
INNHOL JUVELE
Vennligst besvar sp|rsm}let.
INNGAN
Vennligst besvar sp|rsm}let.
ROM
Vennligst besvar sp|rsm}let.
NEDOVE
Vennligst besvar sp|rsm}let.
OPPOVE
Vennligst besvar sp|rsm}let.
LAV
Vennligst besvar sp|rsm}let.
KRYP
Vennligst besvar sp|rsm}let.
TEPPE
Vennligst besvar sp|rsm}let.
HALL
Vennligst besvar sp|rsm}let.
KAST LYSEST
Vennligst besvar sp|rsm}let.
TENN BEGER
Vennligst besvar sp|rsm}let.
EGG
Vennligst besvar sp|rsm}let.
KORT SCEPTE
Vennligst besvar sp|rsm}let.
DREP KJEDE
Vennligst besvar sp|rsm}let.
SJAKT
Vennligst besvar sp|rsm}let.
XYZZY
Vennligst besvar sp|rsm}let.
HULE
Vennligst besvar sp|rsm}let.
SLIPP TEPPE
Vennligst besvar sp|rsm}let.
TEM PRINSE
Vennligst besvar sp|rsm}let.
S\LV
Vennligst besvar sp|rsm}let.
TIDER HARPE
Vennligst besvar sp|rsm}let.
VASK \KS
Vennligst besvar sp|rsm}let.
FUGL
Vennligst besvar sp|rsm}let.
HOKUS
Vennligst besvar sp|rsm}let.
T]KE
Vennligst besvar sp|rsm}let.
J
Jeg kan gi deg et hint, men det vil koste deg 3 poeng.
Vil du ha hintet? 
NV
Vennligst besvar sp|rsm}let.
HELL SCEPTE
Vennligst besvar sp|rsm}let.
FORTSE
Vennligst besvar sp|rsm}let.
INNHOL TEPPE
Vennligst besvar sp|rsm}let.
VIFT JERNRI
Vennligst besvar sp|rsm}let.
UT
Vennligst besvar sp|rsm}let.
M\RKET
Vennligst besvar sp|rsm}let.
]PNE BORD
Vennligst besvar sp|rsm}let.
J
Jernristen er sv{rt solid og har en l}s av herdet st}l. Du kan ikke     
komme forbi uten en n|kkel, og her er det ingen n|kler.  Jeg foresl}r   
at du leter etter de en annen plass.
BORD
jeg kan ikke se noen BORD her. 
STAV
jeg kan ikke se noen STAV her. 
KROK
jeg kan ikke se noen KROK her. 
OPPOVE
Alt vannet forsvinner i en 5cm sprekk i fjellet like ved bena dine.     
Lenger nede er bekkefaret bare sten.
FEE
OK    
TUNNEL
Jeg vet ikke hvordan jeg skal bruke det ordet her.    
Du er ved sprekken i bekkefaret.    
OVER
Det er ikke mulig } g} i den retningen.   
Du er ved sprekken i bekkefaret.    
INFO
Hvis du |nsker } avlutte skattejakten tidlig, si "SLUTT". For } spare   
p} spillet for } fortsette senere, si "UTSETT" (eller "PAUSE" eller     
"SPAR").  For } se de tidene hulen normalt er }pen, si "]PENT". For }   
se hvor godt du har gjort det hittil, si "POENG".  For } f} full uttel- 
ling for de skattene du har funnet, m} du bringe skattene i sikkerhet   
inn i huset, skj|nt du f}r delvis uttelling for bare } ha funnet  
dem. Du f}r fradrag i poengsummen for } bli drept og for } avslutte     
tidlig, st|rst fradrag for det f|rste. Poengsummen avhenger ogs} av     
Hvor stor del av hulen (om noen) du har greid } utforske, spesielt er   
det en stor bonus for } ha kommet inn i hulen (for } skille nybegynnere 
fra resten av pakket), og det er andre m}ter } f} greie p} om du har    
v{rt gjennom noen av de mer vanskelige stedene. Hvis du tror du har fun-
net alle skattene, fortsett letingen litt til. Hvis det ikke skjer noe  
har du enn} ikke funnet alle skattene. Hvis noe interessant *virkelig*  
skjer, betyr det at du f}r bonus og har sjansen til } score enda mange  
flere poeng i mesternes del. Jeg kan gi deg noen hint en gang i blant   
hvis du ser ut til } ha kommet opp i vanskeligheter. Hvis jeg gj|r det, 
vil jeg advare deg p} forh}nd om hvor mange poeng dette vil koste deg.  
Til slutt, for } spare deg for un|dig utskrift, du kan si "KORT", 
hvilket gj|r at du bare f}r full beskrivelse av stedene du er p} n}r du 
ber om det spesielt.    
NORD\S
Det er ikke mulig } g} i den retningen.   
Du er ved sprekken i bekkefaret.    
GULL
jeg kan ikke se noen GULL her. 
SLIPP SKJELL
Jeg vet ikke hvordan jeg skal bruke det ordet her.    
Du er ved sprekken i bekkefaret.    
TRAPP
Jeg vet ikke hvordan jeg skal bruke det ordet her.    
Alt vannet forsvinner i en 5cm sprekk i fjellet like ved bena dine.     
Lenger nede er bekkefaret bare sten.
BUKK BORD
jeg kan ikke se noen BORD her. 
S
Du er utenfor jernristen.     
Jernristen er l}st.     
LES KISTE
jeg kan ikke se noen KISTE her. 
OPP
Det er ikke mulig } g} i den retningen.   
Du er utenfor jernristen.     
Jernristen er l}st.     
KRYSSE
Jeg vet ikke hvordan jeg skal bruke det ordet her.    
Du er i et 5 meter dypt s|kk hvor grunnen er dekket med gj|rme.   
I gj|rmen er det en solid jernrist murt fast i betong. Et utt|rket
bekkefar f|rer ned i s|kket.  
Jernristen er l}st.     
FUM
Ingen ting skjer. 
HULE
Jeg trenger mer detaljerte instruksjoner for } gj|re det.   
Du er utenfor jernristen.     
Jernristen er l}st.     
SESAM
Godt fors|k, men det er et gammelt, utslitt trylleord.
KUPPEL
Jeg vet ikke hvordan jeg skal bruke det ordet her.    
Du er utenfor jernristen.     
Jernristen er l}st.     
V
Du er i skogen.   
INNGAN
Jeg vet ikke hvordan jeg skal bruke det ordet her.    
Du er i skogen.   
S
Du er i en }pen skog med en dyp dal p} ene siden.     
POENG SLANGE
jeg kan ikke se noen SLANGE her. 
DREP FUGL
jeg kan ikke se noen FUGL her. 
SV\M
Jeg vet ikke hvordan.   
KL\FT
Jeg vet ikke hvordan jeg skal bruke det ordet her.    
Du er i skogen.   
TEM S\LV
jeg kan ikke se noen S\LV her. 
D
Du er i dalen.    
POENG \KS
jeg kan ikke se noen \KS her. 
KUPPEL
Jeg vet ikke hvordan jeg skal bruke det ordet her.    
Du er i dalen.    
OVER
Du er i skogen.   
]PNE PUTE
jeg kan ikke se noen PUTE her. 
DREP OLJE
jeg kan ikke se noen OLJE her. 
PRINSE
jeg kan ikke se noen PRINSE her. 
KNUS STAV
jeg kan ikke se noen STAV her. 
TENN HARPE
jeg kan ikke se noen HARPE her. 
TA VASE
jeg kan ikke se noen VASE her. 
TENN JUVELE
jeg kan ikke se noen JUVELE her. 
SKOG
Du er i en }pen skog i n{rheten av b}de en dal og en vei.   
POENG \KS
jeg kan ikke se noen \KS her. 
VEKK TAU
jeg kan ikke se noen TAU her. 
TAVLEN
jeg kan ikke se noen TAVLEN her. 
VENSTR
Jeg vet ikke hvordan du st}r. Bruk kompass eller navn p} noe i n{rheten.
Du er i skogen.   
SNU
Beklager, men jeg er ikke lenger i stand til } huske hvordan du kom hit.
Du er i skogen.   
J
Jeg forst}r ikke dette! 
SLIPP JUVELE
jeg kan ikke se noen JUVELE her. 
INFO
Hvis du |nsker } avlutte skattejakten tidlig, si "SLUTT". For } spare   
p} spillet for } fortsette senere, si "UTSETT" (eller "PAUSE" eller     
"SPAR").  For } se de tidene hulen normalt er }pen, si "]PENT". For }   
se hvor godt du har gjort det hittil, si "POENG".  For } f} full uttel- 
ling for de skattene du har funnet, m} du bringe skattene i sikkerhet   
inn i huset, skj|nt du f}r delvis uttelling for bare } ha funnet  
dem. Du f}r fradrag i poengsummen for } bli drept og for } avslutte     
tidlig, st|rst fradrag for det f|rste. Poengsummen avhenger ogs} av     
Hvor stor del av hulen (om noen) du har greid } utforske, spesielt er   
det en stor bonus for } ha kommet inn i hulen (for } skille nybegynnere 
fra resten av pakket), og det er andre m}ter } f} greie p} om du har    
v{rt gjennom noen av de mer vanskelige stedene. Hvis du tror du har fun-
net alle skattene, fortsett letingen litt til. Hvis det ikke skjer noe  
har du enn} ikke funnet alle skattene. Hvis noe interessant *virkelig*  
skjer, betyr det at du f}r bonus og har sjansen til } score enda mange  
flere poeng i mesternes del. Jeg kan gi deg noen hint en gang i blant   
hvis du ser ut til } ha kommet opp i vanskeligheter. Hvis jeg gj|r det, 
vil jeg advare deg p} forh}nd om hvor mange poeng dette vil koste deg.  
Til slutt, for } spare deg for un|dig utskrift, du kan si "KORT", 
hvilket gj|r at du bare f}r full beskrivelse av stedene du er p} n}r du 
ber om det spesielt.    
T]KE
T}ke er som regel fordampet vann, i huler er det som regel et varsel om 
en dyp sjakt som f|rer ned til vann.
D\R
jeg kan ikke se noen D\R her. 
PERLE
jeg kan ikke se noen PERLE her. 
KRYSSE
Jeg vet ikke hvordan jeg skal bruke det ordet her.    
Du er i skogen.   
KAST CELLED
jeg kan ikke se noen CELLED her. 
LAVERE
Du er i dalen.    
VASK JERNRI
Jeg vet ikke hvordan jeg skal bruke det ordet her.    
Du er i dalen.    
SLIPP SKJELL
Jeg vet ikke hvordan jeg skal bruke det ordet her.    
Du er i en dal i skogen ved siden av en bekk som tumler nedover et
stenete bekkefar. 
H\YRE
Jeg vet ikke hvordan du st}r. Bruk kompass eller navn p} noe i n{rheten.
Du er i dalen.    
PLUGH
Ingen ting skjer. 
Du er i dalen.    
SLUKK BRONSE
jeg kan ikke se noen BRONSE her. 
HELL JUV
jeg kan ikke se noen JUV her. 
KRYP
Hvilken vei?
Du er i dalen.    
FOO
Ingen ting skjer. 
J
Jeg vet ikke hva det ordet betyr.   
VENSTR
Jeg vet ikke hvordan du st}r. Bruk kompass eller navn p} noe i n{rheten.
Du er i dalen.    
INN
Jeg vet ikke inn fra ut her. Bruk kompass eller navn p} noe i n{rheten. 
Du er i en dal i skogen ved siden av en bekk som tumler nedover et
stenete bekkefar. 
