#0 Connected at 18.09.2026 16:57:11 from 127.0.0.1:11960 to TERMINAL 8/ TET9 L:47 (39)


 16.57.09     18 SEPTEMBER   1998
 SINTRAN III - VSX/500 L
--- SINTRAN L FOR ND100X ---

ENTER 
 16.57.10     18 SEPTEMBER   1998
 SINTRAN III - VSX/500 L
--- SINTRAN L FOR ND100X ---

ENTER DNF
PASSWORD: 
OK
@DELETE-FILE AENB:BRF
@DELETE-FILE AENB:LIST
@DELETE-FILE AENB:PROG
@DELETE-FILE AENBF:BRF
@DELETE-FILE AENBF:LIST
@DELETE-FILE AENBS:BRF

NO SUCH FILE NAME
@DELETE-FILE AENBS:LIST

NO SUCH FILE NAME
@DELETE-FILE AENBS:PROG

NO SUCH FILE NAME
@DELETE-FILE ADVENTURE-ENB:PROG
@BASIC
- BASIC COMPILER, JANUARY 85.
READY
TABLE-SIZES 1500,35000
READY
COMPILE ADVENTURE-ENB:SYMB,"AENB:LIST","AENB:BRF"
421 STATEMENTS COMPILED 
READY
BYE
@BASIC
- BASIC COMPILER, JANUARY 85.
READY
TABLE-SIZES 1500,35000
READY
COMPILE AENBF:SYMB,"AENBF:LIST","AENBF:BRF"
460 STATEMENTS COMPILED 
READY
BYE
@BASIC
- BASIC COMPILER, JANUARY 85.
READY
TABLE-SIZES 1500,35000
READY
COMPILE AENBS:SYMB,"AENBS:LIST","AENBS:BRF"
428 STATEMENTS COMPILED 
READY
BYE
@NRL
RELOCATING LOADER LDR-1935I
*SIZE 2700
*LOAD AENBF:BRF
FREE: 071420-177777
*LOAD LIBRARY-MJ:BRF
FREE: 072452-177777
*LOAD BASLIBR-H00:BRF
FREE: 112450-177777
*ENTRIES-UNDEFINED
FREE: 112450-177777
*DUMP "ADVENTURE-ENB:PROG"
*EXIT
@NRL
RELOCATING LOADER LDR-1935I
*SIZE 2700
*LOAD AENB:BRF
FREE: 070421-177777
*LOAD LIBRARY-MJ:BRF
FREE: 071453-177777
*LOAD BASLIBR-H00:BRF
FREE: 111451-177777
*ENTRIES-UNDEFINED
FREE: 111451-177777
*DUMP "AENB:PROG"
*EXIT
@NRL
RELOCATING LOADER LDR-1935I
*SIZE 2700
*LOAD AENBS:BRF
FREE: 070450-177777
*LOAD LIBRARY-MJ:BRF
FREE: 071502-177777
*LOAD BASLIBR-H00:BRF
FREE: 111500-177777
*ENTRIES-UNDEFINED
FREE: 111500-177777
*DUMP "AENBS:PROG"
*EXIT
@