100 GOSUB3000:S1$=SV$:SV$="":PRINT:PRINT"[S>H]VA SKAL JEG GJORE NAA?":INPUTSV$
110 IFSV$=""THENSV$=S1$
120 V$="":S$="":P=1:FORI=1TOLEN(SV$):IFMID$(SV$,I,1)=" "THENP=2:GOTO150
130 IFP=1THENV$=V$+MID$(SV$,I,1)
140 IFP=2THENS$=S$+MID$(SV$,I,1)
150 NEXTI:V$=LEFT$(V$,3):S$=LEFT$(S$,3):PRINTUN$:PRINTSV$:PRINT
160 IFLEN(SV$)=1THENGOSUB2200:GOTO100
200 IFV$<>"TA"ANDV$<>"STJ"ANDV$<>"KAS"ANDV$<>"SLI"THEN300
202 N=0:IFS$="ASK"THENN=35
204 IFS$="NOK"THENN=17
206 IFS$="STA"ORS$="TRA"THENN=18
208 IFS$="BRE"ORS$="JER"THENN=19
210 IFS$="BEI"ORS$="RES"THENN=20
212 IFS$="DIS"THENN=21
214 IFS$="DAT"ORS$="MAS"THENN=22
216 IFS$="MOD"THENN=23
218 IFS$="DIA"ORS$="GUL"THENN=24
220 IFS$="GRE"THENN=25
222 IFS$="BLA"THENN=26
224 IFS$="FIL"THENN=27
226 IFS$="SPI"ORS$="BOR"THENN=28
228 IFS$="STO"THENN=29
230 IFS$="TAU"THENN=30
232 IFS$="OKS"THENN=31
234 IFS$="RYG"ORS$="SEK"THENN=32
236 IFS$="MAT"ORS$="PAK"THENN=33
238 IFS$="BLA"ANDP(26)<>IVAND(P(25)=IVORP(25)=S)THENP(26)=IV:TE=TE+1:GOTO398
240 IFS$="BLA"ANDP(26)<>0THENN=26:GOTO270
242 IFS$="LAM"THENN=38
244 IFS$="SAK"THENN=39
260 IFN<>0THEN270
265 PRINT"[S>D]ET ER JEG IKKE ISTAND TIL.":GOTO100
270 IFV$="KAS"ORV$="SLI"THEN296
271 AN=2:IFP(32)=IVTHENAN=5
272 IFTE>ANTHENPRINT"[S>H]AR FOR MYE PAA MEG!":GOTO100
274 IFP(N)=IVTHENPRINT"[S>H]AR DET ALLEREDE PAA MEG!":GOTO100
276 IFP(N)<>STHEN2140
278 IFN=35ANDP(17)=0THENP(17)=S
294 P(N)=IV:TE=TE+1:PRINT"[S>O].[S>K].":GOTO100
296 IFP(N)<>IVTHENPRINT"[S>J]EG HAR DET IKKE PAA MEG !":GOTO100
298 P(N)=S:TE=TE-1:PRINT"[S>O].[S>K].":GOTO100
300 REM PROGRAMMET FORTSETTER HER
1999 PRINT:PRINT"[S>J]EG FORSTAAR IKKE "CHR$(34)SV$CHR$(34)".":GOTO100
2140 PRINT"[S>J]EG KAN IKKE SE DET HER!":GOTO100
2200 IFV$<>"*"THEN2300
2210 PRINT:PRINT"[S>D]U HAR PAA DEG :":PRINT:J=0:FORI=1TOAG
2220 IFP(I)=IVTHENPRINTG$(I)".":J=1
2230 NEXT:IFJ=0THENPRINT"[S>I]NGEN VERDENS TING!"
2240 RETURN
2300 IFV$<>"^"THEN2400
2305 IFS>11ANDS<26ANDP(38)<>IVANDP(38)<>STHENPRINT"[S>D]ET ER MORKT HER!":RETURN
2310 PRINTD$:PRINTS$(S)".[CD]"
2320 FORI=1TOAG:IFP(I)=STHENPRINTG$(I)"."
2330 NEXTI:PRINT
2340 FORI=1TOLEN(R$(S))STEP3:FORJ=1TOLEN(RR$(O))
2350 IFMID$(R$(S),I,1)=MID$(RR$(O),J,1)THENPRINTRR$(J);
2360 NEXTJ,I:PRINT:RETURN
2400 I=1:IFV$<>"N"ANDV$<>"S"ANDV$<>"O"ANDV$<>"V"ANDV$<>"0"THEN2440
2410 IFMID$(R$(S),I,1)=V$THENS=VAL(MID$(R$(S),I+1,2)):PRINT"[S>O].[S>K].":RETURN
2420 I=I+3:IFI<LEN(R$(S))THEN2410
2430 PRINT"[S>D]U KAN IKKE GAA DEN VEIEN.":RETURN
2440 PRINT"[S>F]OLGENDE FORKORTELSER KAN BRUKES:"
2442 PRINT:PRINT"*-[S>D]U SER HVA DU HAR PAA DEG.":PRINT"^-[S>D]U SER HVOR DU ER."
2444 PRINT"[S>N]-[S>N]ORD.":PRINT"[S>S]-[S>S]OR.":PRINT"0-OST.":PRINT"[S>V]-[S>V]EST.":PRINT"[S>O]-[S>O]PP"
2446 PRINT:PRINT"[S>O][S>B][S>S]! [S>B]RUK NULL FOR O.":RETURN
3000 IFFL(S)=0THENGOSUB2305:FL(S)=1
