+--------------------------------------------------------------------------------+ 2,25
|Welcome to quest!                                                               |
|                                                                                |
|What are your initials :                                                        |
+--------------------------------------------------------------------------------+
+--------------------------------------------------------------------------------+ 3,14
|Welcome to quest!                                                               |
|                                                                                |
|What are your initials : GS                                                     |
|Player name ?                                                                   |
+--------------------------------------------------------------------------------+
+--------------------------------------------------------------------------------+ 4,11
|Welcome to quest!                                                               |
|                                                                                |
|What are your initials : GS                                                     |
|Player name ? GERHARD                                                           |
|Password ?                                                                      |
+--------------------------------------------------------------------------------+
+--------------------------------------------------------------------------------+ 3,29
|To prove your heroism, your first quest is to                                   |
|slay a dragon. The dragon may be of any dragon variety                          |
|                                                                                |
|Hit any character to continue                                                   |
+--------------------------------------------------------------------------------+
+--------------------------------------------------------------------------------+ 14,3
|  ______________________      INVENTORY           Strength 20                   |
| |      ffff            |     Nothing             Thy purse is empty            |
| |        ff      ffff  |                         Experience level 5            |
| |                    ff|                         Intelligence level 10         |
| ||  |              ff  |                         Vision 4, Perception 1        |
| |      |  |GS    ff    |                         Quest level 1                 |
| |                ff    |                         You have no castles yet       |
| |    |  |              |                         You havn't slain a dragon yet |
| |                      |                         Rings:                        |
| |  mm            |  |  |                                                       |
|  ----------------------                                                        |
|    Tarton                                                                      |
|    City of Tartonne                                                            |
|                                                  Wind direction from the South |
|->                                                                              |
+--------------------------------------------------------------------------------+
+--------------------------------------------------------------------------------+ 14,3
|  ______________________      INVENTORY           Strength 20                   |
| |      ffff            |     Nothing             Thy purse is empty            |
| |        ff      ffff  |                         Experience level 5            |
| |                    ff|                         Intelligence level 10         |
| ||  |              ff  |                         Vision 4, Perception 1        |
| |      |  |GS    ff    |                         Quest level 1                 |
| |                ff    |                         You have no castles yet       |
| |    |  |              |                         You havn't slain a dragon yet |
| |                      |                         Rings:                        |
| |  mm            |  |  |                                                       |
|  ----------------------                                                        |
|    Tarton                                                                      |
|    City of Tartonne                                                            |
|                                                  Wind direction from the South |
|->                                                                              |
+--------------------------------------------------------------------------------+
