  
 Module ADVEN             No errors     Prog:    41    Blank common: none 
 FTN7X  6200/941021       No warnings   Save:  none    Local EMA:    none 
  
  
 Module VOCAB             No errors     Prog:   118    Blank common: none 
 FTN7X  6200/941021       No warnings   Save:  none    Local EMA:    none 
  
  
 Module BUG               No errors     Prog:    47    Blank common: none 
 FTN7X  6200/941021       No warnings   Save:  none    Local EMA:    none 
  
  
 Module MISC2             No errors 
 FTN7X  6200/941021       No warnings 
  
  Common block  MISC2            has size     2636
  Common block  MISCM            has size      872
  Common block  ABBCM            has size      150
  Common block  PTXCM            has size      100
  Common block  PLACM            has size      551
  Common block  VOCCM            has size      901
  Common block  ALPHS            has size       12
  Common block  BLKCM            has size        2
  Common block  DCBCM            has size      144
  Common block  TXTCM            has size      258
  
  
 Module RAND              No errors     Prog:    44    Blank common: none 
 FTN7X  6200/941021       No warnings   Save:  none    Local EMA:    none 
  
